gpasm-0.13.4 beta               _output/main__mios-gpasm-tmp.asm11-20-2008  04:04:03         PAGE  1


LOC  OBJECT CODE     LINE SOURCE TEXT
  VALUE
 
               00001 ;--------------------------------------------------------
               00002 ; File Created by SDCC : free open source ANSI-C Compiler
               00003 ; Version 2.7.0 #4818 (Jan 18 2008)
               00004 ; This file generated Thu Nov 20 04:04:03 2008
               00005 ;--------------------------------------------------------
               00006 ; PIC16 port for the Microchip 16-bit core micros
               00007 ;--------------------------------------------------------
               00008         list    p=18f452
               00009 
               00010         radix dec
               00011 
               00012 ;--------------------------------------------------------
               00013 ; public variables in this module
               00014 ;--------------------------------------------------------
               00015         global _enc
               00016         global _enc_changed
               00017         global _Init
               00018         global _Tick
               00019         global _Timer
               00020         global _print_enc_values
               00021         global _DISPLAY_Init
               00022         global _DISPLAY_Tick
               00023         global _MPROC_NotifyReceivedEvnt
               00024         global _MPROC_NotifyFoundEvent
               00025         global _MPROC_NotifyTimeout
               00026         global _MPROC_NotifyReceivedByte
               00027         global _SR_Service_Prepare
               00028         global _SR_Service_Finish
               00029         global _DIN_NotifyToggle
               00030         global _ENC_NotifyChange
               00031         global _AIN_NotifyChange
               00032         global _mios_enc_pin_table
               00033 
               00034 ;--------------------------------------------------------
               00035 ; extern variables in this module
               00036 ;--------------------------------------------------------
               00037         extern _MIOS_BOX_CFG0
               00038         extern _MIOS_BOX_CFG1
               00039         extern _MIOS_BOX_STAT
               00040         extern _MIOS_PARAMETER1
               00041         extern _MIOS_PARAMETER2
               00042         extern _MIOS_PARAMETER3
               00043         extern _PORTAbits
               00044         extern _PORTBbits
               00045         extern _PORTCbits
               00046         extern _PORTDbits
               00047         extern _PORTEbits
               00048         extern _LATAbits
               00049         extern _LATBbits
               00050         extern _LATCbits
               00051         extern _LATDbits
               00052         extern _LATEbits
               00053         extern _TRISAbits
               00054         extern _TRISBbits
gpasm-0.13.4 beta               _output/main__mios-gpasm-tmp.asm11-20-2008  04:04:03         PAGE  2


LOC  OBJECT CODE     LINE SOURCE TEXT
  VALUE
 
               00055         extern _TRISCbits
               00056         extern _TRISDbits
               00057         extern _TRISEbits
               00058         extern _PIE1bits
               00059         extern _PIR1bits
               00060         extern _IPR1bits
               00061         extern _PIE2bits
               00062         extern _PIR2bits
               00063         extern _IPR2bits
               00064         extern _EECON1bits
               00065         extern _RCSTAbits
               00066         extern _TXSTAbits
               00067         extern _T3CONbits
               00068         extern _CCP2CONbits
               00069         extern _CCP1CONbits
               00070         extern _ADCON1bits
               00071         extern _ADCON0bits
               00072         extern _SSPCON2bits
               00073         extern _SSPCON1bits
               00074         extern _SSPSTATbits
               00075         extern _T2CONbits
               00076         extern _T1CONbits
               00077         extern _RCONbits
               00078         extern _WDTCONbits
               00079         extern _LVDCONbits
               00080         extern _OSCCONbits
               00081         extern _T0CONbits
               00082         extern _STATUSbits
               00083         extern _INTCON3bits
               00084         extern _INTCON2bits
               00085         extern _INTCONbits
               00086         extern _STKPTRbits
               00087         extern _PORTA
               00088         extern _PORTB
               00089         extern _PORTC
               00090         extern _PORTD
               00091         extern _PORTE
               00092         extern _LATA
               00093         extern _LATB
               00094         extern _LATC
               00095         extern _LATD
               00096         extern _LATE
               00097         extern _TRISA
               00098         extern _TRISB
               00099         extern _TRISC
               00100         extern _TRISD
               00101         extern _TRISE
               00102         extern _PIE1
               00103         extern _PIR1
               00104         extern _IPR1
               00105         extern _PIE2
               00106         extern _PIR2
               00107         extern _IPR2
               00108         extern _EECON1
gpasm-0.13.4 beta               _output/main__mios-gpasm-tmp.asm11-20-2008  04:04:03         PAGE  3


LOC  OBJECT CODE     LINE SOURCE TEXT
  VALUE
 
               00109         extern _EECON2
               00110         extern _EEDATA
               00111         extern _EEADR
               00112         extern _RCSTA
               00113         extern _TXSTA
               00114         extern _TXREG
               00115         extern _RCREG
               00116         extern _SPBRG
               00117         extern _T3CON
               00118         extern _TMR3L
               00119         extern _TMR3H
               00120         extern _CCP2CON
               00121         extern _CCPR2L
               00122         extern _CCPR2H
               00123         extern _CCP1CON
               00124         extern _CCPR1L
               00125         extern _CCPR1H
               00126         extern _ADCON1
               00127         extern _ADCON0
               00128         extern _ADRESL
               00129         extern _ADRESH
               00130         extern _SSPCON2
               00131         extern _SSPCON1
               00132         extern _SSPSTAT
               00133         extern _SSPADD
               00134         extern _SSPBUF
               00135         extern _T2CON
               00136         extern _PR2
               00137         extern _TMR2
               00138         extern _T1CON
               00139         extern _TMR1L
               00140         extern _TMR1H
               00141         extern _RCON
               00142         extern _WDTCON
               00143         extern _LVDCON
               00144         extern _OSCCON
               00145         extern _T0CON
               00146         extern _TMR0L
               00147         extern _TMR0H
               00148         extern _STATUS
               00149         extern _FSR2L
               00150         extern _FSR2H
               00151         extern _PLUSW2
               00152         extern _PREINC2
               00153         extern _POSTDEC2
               00154         extern _POSTINC2
               00155         extern _INDF2
               00156         extern _BSR
               00157         extern _FSR1L
               00158         extern _FSR1H
               00159         extern _PLUSW1
               00160         extern _PREINC1
               00161         extern _POSTDEC1
               00162         extern _POSTINC1
gpasm-0.13.4 beta               _output/main__mios-gpasm-tmp.asm11-20-2008  04:04:03         PAGE  4


LOC  OBJECT CODE     LINE SOURCE TEXT
  VALUE
 
               00163         extern _INDF1
               00164         extern _WREG
               00165         extern _FSR0L
               00166         extern _FSR0H
               00167         extern _PLUSW0
               00168         extern _PREINC0
               00169         extern _POSTDEC0
               00170         extern _POSTINC0
               00171         extern _INDF0
               00172         extern _INTCON3
               00173         extern _INTCON2
               00174         extern _INTCON
               00175         extern _PRODL
               00176         extern _PRODH
               00177         extern _TABLAT
               00178         extern _TBLPTRL
               00179         extern _TBLPTRH
               00180         extern _TBLPTRU
               00181         extern _PCL
               00182         extern _PCLATH
               00183         extern _PCLATU
               00184         extern _STKPTR
               00185         extern _TOSL
               00186         extern _TOSH
               00187         extern _TOSU
               00188         extern _MIOS_ENC_SpeedSet
               00189         extern _MIOS_SRIO_NumberSet
               00190         extern _MIOS_SRIO_UpdateFrqSet
               00191         extern _MIOS_SRIO_DebounceSet
               00192         extern _MIOS_LCD_Clear
               00193         extern _MIOS_LCD_CursorSet
               00194         extern _MIOS_LCD_PrintBCD3
               00195         extern _MIOS_LCD_PrintChar
               00196         extern _mios_mproc_event_table
               00197         extern _MIOS_MPROC_EVENT_TABLE
               00198         extern _MIOS_ENC_PIN_TABLE
               00199 ;--------------------------------------------------------
               00200 ;       Equates to used internal registers
               00201 ;--------------------------------------------------------
  00000FD8     00202 STATUS  equ     0xfd8
  00000FE1     00203 FSR0L equ 0xfe1 ;; normaly 0xfe9, changed by mios-gpasm
  00000FE2     00204 FSR0H equ 0xfe2 ;; normaly 0xfea, changed by mios-gpasm
  00000FE9     00205 FSR1L equ 0xfe9 ;; normaly 0xfe1, changed by mios-gpasm
  00000FD9     00206 FSR2L   equ     0xfd9
  00000FE7     00207 INDF0 equ 0xfe7 ;; normaly 0xfef, changed by mios-gpasm
  00000FED     00208 POSTDEC1 equ 0xfed ;; normaly 0xfe5, changed by mios-gpasm
  00000FEC     00209 PREINC1 equ 0xfec ;; normaly 0xfe4, changed by mios-gpasm
  00000FDB     00210 PLUSW2  equ     0xfdb
  00000FF3     00211 PRODL   equ     0xff3
               00212 
               00213 
               00214         idata
               00215 _enc_changed    db      0x00
               00216 
gpasm-0.13.4 beta               _output/main__mios-gpasm-tmp.asm11-20-2008  04:04:03         PAGE  5


LOC  OBJECT CODE     LINE SOURCE TEXT
  VALUE
 
               00217 
               00218 ; Internal registers
               00219 .registers udata_ovr 0x0010 ;; normaly 0x0000, changed by mios-gpasm
               00220 r0x00   res     1
               00221 r0x01   res     1
               00222 r0x02   res     1
               00223 r0x03   res     1
               00224 r0x04   res     1
               00225 r0x05   res     1
               00226 r0x06   res     1
               00227 r0x07   res     1
               00228 r0x08   res     1
               00229 
               00230 udata_main_0    udata
               00231 _enc    res     4
               00232 
               00233 ;--------------------------------------------------------
               00234 ; global & static initialisations
               00235 ;--------------------------------------------------------
               00236 ; ; Starting pCode block for absolute Ival
               00237 S_main__mios_enc_pin_table      code    0X003280
3280           00238 _mios_enc_pin_table:
3280 8100 8102 00239         DB      0x00, 0x81, 0x02, 0x81, 0x04, 0x81, 0x06, 0x81, 0xff, 0xff, 0x00, 0x00
3284 8104 8106
3288 FFFF 0000
328C 0000 0000 00240         DB      0x00, 0x00, 0x00, 0x00, 0x00, 0x00, 0x00, 0x00, 0x00, 0x00, 0x00, 0x00
3290 0000 0000
3294 0000 0000
3298 0000 0000 00241         DB      0x00, 0x00, 0x00, 0x00, 0x00, 0x00, 0x00, 0x00, 0x00, 0x00, 0x00, 0x00
329C 0000 0000
32A0 0000 0000
32A4 0000 0000 00242         DB      0x00, 0x00, 0x00, 0x00, 0x00, 0x00, 0x00, 0x00, 0x00, 0x00, 0x00, 0x00
32A8 0000 0000
32AC 0000 0000
32B0 0000 0000 00243         DB      0x00, 0x00, 0x00, 0x00, 0x00, 0x00, 0x00, 0x00, 0x00, 0x00, 0x00, 0x00
32B4 0000 0000
32B8 0000 0000
32BC 0000 0000 00244         DB      0x00, 0x00, 0x00, 0x00, 0x00, 0x00, 0x00, 0x00, 0x00, 0x00, 0x00, 0x00
32C0 0000 0000
32C4 0000 0000
32C8 0000 0000 00245         DB      0x00, 0x00, 0x00, 0x00, 0x00, 0x00, 0x00, 0x00, 0x00, 0x00, 0x00, 0x00
32CC 0000 0000
32D0 0000 0000
32D4 0000 0000 00246         DB      0x00, 0x00, 0x00, 0x00, 0x00, 0x00, 0x00, 0x00, 0x00, 0x00, 0x00, 0x00
32D8 0000 0000
32DC 0000 0000
32E0 0000 0000 00247         DB      0x00, 0x00, 0x00, 0x00, 0x00, 0x00, 0x00, 0x00, 0x00, 0x00, 0x00, 0x00
32E4 0000 0000
32E8 0000 0000
32EC 0000 0000 00248         DB      0x00, 0x00, 0x00, 0x00, 0x00, 0x00, 0x00, 0x00, 0x00, 0x00, 0x00, 0x00
32F0 0000 0000
32F4 0000 0000
32F8 0000 0000 00249         DB      0x00, 0x00, 0x00, 0x00, 0x00, 0x00, 0x00, 0x00
32FC 0000 0000
gpasm-0.13.4 beta               _output/main__mios-gpasm-tmp.asm11-20-2008  04:04:03         PAGE  6


LOC  OBJECT CODE     LINE SOURCE TEXT
  VALUE
 
               00250 
               00251 ; I code from now on!
               00252 ; ; Starting pCode block
               00253 S_main__AIN_NotifyChange        code
0000           00254 _AIN_NotifyChange:
               00255 ;       .line   169; main.c     void AIN_NotifyChange(unsigned char pin, unsigned int pin_value) __wparam
0000 CFD9 FFED 00256         MOVFF   FSR2L, POSTDEC1
0004 CFE9 FFD9 00257         MOVFF   FSR1L, FSR2L
               00258 ;       .line   171; main.c     }
0008 CFEC FFD9 00259         MOVFF   PREINC1, FSR2L
000C 0012      00260         RETURN  
               00261 
               00262 ; ; Starting pCode block
               00263 S_main__ENC_NotifyChange        code
0000           00264 _ENC_NotifyChange:
               00265 ;       .line   158; main.c     void ENC_NotifyChange(unsigned char encoder, char incrementer) __wparam{
0000 CFD9 FFED 00266         MOVFF   FSR2L, POSTDEC1
0004 CFE9 FFD9 00267         MOVFF   FSR1L, FSR2L
0008 C000 FFED 00268         MOVFF   r0x00, POSTDEC1
000C C000 FFED 00269         MOVFF   r0x01, POSTDEC1
0010 C000 FFED 00270         MOVFF   r0x02, POSTDEC1
0014 C000 FFED 00271         MOVFF   r0x03, POSTDEC1
0018 C000 FFED 00272         MOVFF   r0x04, POSTDEC1
001C C000 FFED 00273         MOVFF   r0x05, POSTDEC1
0020 C000 FFED 00274         MOVFF   r0x06, POSTDEC1
0024 C000 FFED 00275         MOVFF   r0x07, POSTDEC1
0028 C000 FFED 00276         MOVFF   r0x08, POSTDEC1
002C 6E00      00277         MOVWF   r0x00
002E 0E02      00278         MOVLW   0x02
0030 CFDB F000 00279         MOVFF   PLUSW2, r0x01
               00280 ;       .line   159; main.c     if(incrementer > 0)
0034 5000      00281         MOVF    r0x01, W
0036 0F80      00282         ADDLW   0x80
0038 0F7F      00283         ADDLW   0x7f
003A E300      00284         BNC     _00169_DS_
               00285 ;       .line   160; main.c     enc[encoder] = (127 - enc[encoder] > incrementer) ? enc[encoder] + incrementer : 127;
003C 0E00      00286         MOVLW   LOW(_enc)
003E 2400      00287         ADDWF   r0x00, W
0040 6E00      00288         MOVWF   r0x02
0042 6A00      00289         CLRF    r0x03
0044 0E00      00290         MOVLW   HIGH(_enc)
0046 2200      00291         ADDWFC  r0x03, F
0048 C000 FFE1 00292         MOVFF   r0x02, FSR0L
004C C000 FFE2 00293         MOVFF   r0x03, FSR0H
0050 CFE7 F000 00294         MOVFF   INDF0, r0x04
0054 C000 F000 00295         MOVFF   r0x04, r0x05
0058 6A00      00296         CLRF    r0x06
005A 5000      00297         MOVF    r0x05, W
005C 087F      00298         SUBLW   0x7f
005E 6E00      00299         MOVWF   r0x05
0060 0E00      00300         MOVLW   0x00
0062 5600      00301         SUBFWB  r0x06, F
0064 C000 F000 00302         MOVFF   r0x01, r0x07
0068 6A00      00303         CLRF    r0x08
gpasm-0.13.4 beta               _output/main__mios-gpasm-tmp.asm11-20-2008  04:04:03         PAGE  7


LOC  OBJECT CODE     LINE SOURCE TEXT
  VALUE
 
006A BE00      00304         BTFSC   r0x01, 7
006C 6800      00305         SETF    r0x08
006E 5000      00306         MOVF    r0x08, W
0070 0F80      00307         ADDLW   0x80
0072 6EF3      00308         MOVWF   PRODL
0074 5000      00309         MOVF    r0x06, W
0076 0F80      00310         ADDLW   0x80
0078 5CF3      00311         SUBWF   PRODL, W
007A E100      00312         BNZ     _00181_DS_
007C 5000      00313         MOVF    r0x05, W
007E 5C00      00314         SUBWF   r0x07, W
0080           00315 _00181_DS_:
0080 E200      00316         BC      _00173_DS_
0082 5000      00317         MOVF    r0x01, W
0084 2600      00318         ADDWF   r0x04, F
0086 D000      00319         BRA     _00174_DS_
0088           00320 _00173_DS_:
0088 0E7F      00321         MOVLW   0x7f
008A 6E00      00322         MOVWF   r0x04
008C           00323 _00174_DS_:
008C C000 FFE1 00324         MOVFF   r0x02, FSR0L
0090 C000 FFE2 00325         MOVFF   r0x03, FSR0H
0094 C000 FFE7 00326         MOVFF   r0x04, INDF0
0098 D000      00327         BRA     _00170_DS_
009A           00328 _00169_DS_:
               00329 ;       .line   162; main.c     enc[encoder] = ((-enc[encoder]) < incrementer) ? enc[encoder] + incrementer : 0;
009A 0E00      00330         MOVLW   LOW(_enc)
009C 2600      00331         ADDWF   r0x00, F
009E 0E00      00332         MOVLW   HIGH(_enc)
00A0 6A00      00333         CLRF    r0x02
00A2 2200      00334         ADDWFC  r0x02, F
00A4 C000 FFE1 00335         MOVFF   r0x00, FSR0L
00A8 C000 FFE2 00336         MOVFF   r0x02, FSR0H
00AC CFE7 F000 00337         MOVFF   INDF0, r0x03
00B0 C000 F000 00338         MOVFF   r0x03, r0x04
00B4 6A00      00339         CLRF    r0x05
00B6 1E00      00340         COMF    r0x05, F
00B8 6C00      00341         NEGF    r0x04
00BA B4D8      00342         BTFSC   STATUS, 2
00BC 2A00      00343         INCF    r0x05, F
00BE C000 F000 00344         MOVFF   r0x01, r0x06
00C2 6A00      00345         CLRF    r0x07
00C4 BE00      00346         BTFSC   r0x01, 7
00C6 6800      00347         SETF    r0x07
00C8 5000      00348         MOVF    r0x05, W
00CA 0F80      00349         ADDLW   0x80
00CC 6EF3      00350         MOVWF   PRODL
00CE 5000      00351         MOVF    r0x07, W
00D0 0F80      00352         ADDLW   0x80
00D2 5CF3      00353         SUBWF   PRODL, W
00D4 E100      00354         BNZ     _00183_DS_
00D6 5000      00355         MOVF    r0x06, W
00D8 5C00      00356         SUBWF   r0x04, W
00DA           00357 _00183_DS_:
gpasm-0.13.4 beta               _output/main__mios-gpasm-tmp.asm11-20-2008  04:04:03         PAGE  8


LOC  OBJECT CODE     LINE SOURCE TEXT
  VALUE
 
00DA E200      00358         BC      _00175_DS_
00DC 5000      00359         MOVF    r0x03, W
00DE 2600      00360         ADDWF   r0x01, F
00E0 D000      00361         BRA     _00176_DS_
00E2           00362 _00175_DS_:
00E2 6A00      00363         CLRF    r0x01
00E4           00364 _00176_DS_:
00E4 C000 FFE1 00365         MOVFF   r0x00, FSR0L
00E8 C000 FFE2 00366         MOVFF   r0x02, FSR0H
00EC C000 FFE7 00367         MOVFF   r0x01, INDF0
00F0           00368 _00170_DS_:
               00369 ;       .line   163; main.c     enc_changed = 1;
00F0 0E01      00370         MOVLW   0x01
00F2 0000      00371         BANKSEL _enc_changed
00F4 6F00      00372         MOVWF   _enc_changed, B
00F6 CFEC F000 00373         MOVFF   PREINC1, r0x08
00FA CFEC F000 00374         MOVFF   PREINC1, r0x07
00FE CFEC F000 00375         MOVFF   PREINC1, r0x06
0102 CFEC F000 00376         MOVFF   PREINC1, r0x05
0106 CFEC F000 00377         MOVFF   PREINC1, r0x04
010A CFEC F000 00378         MOVFF   PREINC1, r0x03
010E CFEC F000 00379         MOVFF   PREINC1, r0x02
0112 CFEC F000 00380         MOVFF   PREINC1, r0x01
0116 CFEC F000 00381         MOVFF   PREINC1, r0x00
011A CFEC FFD9 00382         MOVFF   PREINC1, FSR2L
011E 0012      00383         RETURN  
               00384 
               00385 ; ; Starting pCode block
               00386 S_main__DIN_NotifyToggle        code
0000           00387 _DIN_NotifyToggle:
               00388 ;       .line   149; main.c     void DIN_NotifyToggle(unsigned char pin, unsigned char pin_value) __wparam
0000 CFD9 FFED 00389         MOVFF   FSR2L, POSTDEC1
0004 CFE9 FFD9 00390         MOVFF   FSR1L, FSR2L
               00391 ;       .line   151; main.c     }
0008 CFEC FFD9 00392         MOVFF   PREINC1, FSR2L
000C 0012      00393         RETURN  
               00394 
               00395 ; ; Starting pCode block
               00396 S_main__SR_Service_Finish       code
0000           00397 _SR_Service_Finish:
               00398 ;       .line   143; main.c     }
0000 0012      00399         RETURN  
               00400 
               00401 ; ; Starting pCode block
               00402 S_main__SR_Service_Prepare      code
0000           00403 _SR_Service_Prepare:
               00404 ;       .line   136; main.c     }
0000 0012      00405         RETURN  
               00406 
               00407 ; ; Starting pCode block
               00408 S_main__MPROC_NotifyReceivedByte        code
0000           00409 _MPROC_NotifyReceivedByte:
               00410 ;       .line   127; main.c     void MPROC_NotifyReceivedByte(unsigned char byte) __wparam
0000 CFD9 FFED 00411         MOVFF   FSR2L, POSTDEC1
gpasm-0.13.4 beta               _output/main__mios-gpasm-tmp.asm11-20-2008  04:04:03         PAGE  9


LOC  OBJECT CODE     LINE SOURCE TEXT
  VALUE
 
0004 CFE9 FFD9 00412         MOVFF   FSR1L, FSR2L
               00413 ;       .line   129; main.c     }
0008 CFEC FFD9 00414         MOVFF   PREINC1, FSR2L
000C 0012      00415         RETURN  
               00416 
               00417 ; ; Starting pCode block
               00418 S_main__MPROC_NotifyTimeout     code
0000           00419 _MPROC_NotifyTimeout:
               00420 ;       .line   122; main.c     }
0000 0012      00421         RETURN  
               00422 
               00423 ; ; Starting pCode block
               00424 S_main__MPROC_NotifyFoundEvent  code
0000           00425 _MPROC_NotifyFoundEvent:
               00426 ;       .line   112; main.c     void MPROC_NotifyFoundEvent(unsigned entry, unsigned char evnt0, unsigned char evnt1, unsigned char evnt2) __wparam
0000 CFD9 FFED 00427         MOVFF   FSR2L, POSTDEC1
0004 CFE9 FFD9 00428         MOVFF   FSR1L, FSR2L
               00429 ;       .line   114; main.c     }
0008 CFEC FFD9 00430         MOVFF   PREINC1, FSR2L
000C 0012      00431         RETURN  
               00432 
               00433 ; ; Starting pCode block
               00434 S_main__MPROC_NotifyReceivedEvnt        code
0000           00435 _MPROC_NotifyReceivedEvnt:
               00436 ;       .line   104; main.c     void MPROC_NotifyReceivedEvnt(unsigned char evnt0, unsigned char evnt1, unsigned char evnt2) __wparam
0000 CFD9 FFED 00437         MOVFF   FSR2L, POSTDEC1
0004 CFE9 FFD9 00438         MOVFF   FSR1L, FSR2L
               00439 ;       .line   106; main.c     }
0008 CFEC FFD9 00440         MOVFF   PREINC1, FSR2L
000C 0012      00441         RETURN  
               00442 
               00443 ; ; Starting pCode block
               00444 S_main__DISPLAY_Tick    code
0000           00445 _DISPLAY_Tick:
0000 0000      00446         BANKSEL _enc_changed
               00447 ;       .line   97; main.c      if(enc_changed)
0002 5100      00448         MOVF    _enc_changed, W, B
0004 E000      00449         BZ      _00135_DS_
               00450 ;       .line   98; main.c      print_enc_values();
0006 EC00 F000 00451         CALL    _print_enc_values
000A           00452 _00135_DS_:
000A 0012      00453         RETURN  
               00454 
               00455 ; ; Starting pCode block
               00456 S_main__DISPLAY_Init    code
0000           00457 _DISPLAY_Init:
               00458 ;       .line   88; main.c      MIOS_LCD_Clear();       
0000 EC00 F000 00459         CALL    _MIOS_LCD_Clear
               00460 ;       .line   89; main.c      print_enc_values();
0004 EC00 F000 00461         CALL    _print_enc_values
0008 0012      00462         RETURN  
               00463 
               00464 ; ; Starting pCode block
               00465 S_main__print_enc_values        code
gpasm-0.13.4 beta               _output/main__mios-gpasm-tmp.asm11-20-2008  04:04:03         PAGE 10


LOC  OBJECT CODE     LINE SOURCE TEXT
  VALUE
 
0000           00466 _print_enc_values:
               00467 ;       .line   77; main.c      void print_enc_values(void) __wparam{
0000 C000 FFED 00468         MOVFF   r0x00, POSTDEC1
0004 C000 FFED 00469         MOVFF   r0x01, POSTDEC1
0008 C000 FFED 00470         MOVFF   r0x02, POSTDEC1
               00471 ;       .line   79; main.c      MIOS_LCD_CursorSet(0x00);
000C 0E00      00472         MOVLW   0x00
000E EC00 F000 00473         CALL    _MIOS_LCD_CursorSet
               00474 ;       .line   80; main.c      for(i=0;i<4;i++){
0012 6A00      00475         CLRF    r0x00
0014           00476 _00121_DS_:
0014 0E04      00477         MOVLW   0x04
0016 5C00      00478         SUBWF   r0x00, W
0018 E200      00479         BC      _00124_DS_
               00480 ;       .line   81; main.c      MIOS_LCD_PrintBCD3(enc[i]);
001A 0E00      00481         MOVLW   LOW(_enc)
001C 2400      00482         ADDWF   r0x00, W
001E 6E00      00483         MOVWF   r0x01
0020 6A00      00484         CLRF    r0x02
0022 0E00      00485         MOVLW   HIGH(_enc)
0024 2200      00486         ADDWFC  r0x02, F
0026 C000 FFE1 00487         MOVFF   r0x01, FSR0L
002A C000 FFE2 00488         MOVFF   r0x02, FSR0H
002E CFE7 F000 00489         MOVFF   INDF0, r0x01
0032 5000      00490         MOVF    r0x01, W
0034 EC00 F000 00491         CALL    _MIOS_LCD_PrintBCD3
               00492 ;       .line   82; main.c      MIOS_LCD_PrintChar(' ');
0038 0E20      00493         MOVLW   0x20
003A EC00 F000 00494         CALL    _MIOS_LCD_PrintChar
               00495 ;       .line   80; main.c      for(i=0;i<4;i++){
003E 2A00      00496         INCF    r0x00, F
0040 D000      00497         BRA     _00121_DS_
0042           00498 _00124_DS_:
0042 0000      00499         BANKSEL _enc_changed
               00500 ;       .line   84; main.c      enc_changed = 0;
0044 6B00      00501         CLRF    _enc_changed, B
0046 CFEC F000 00502         MOVFF   PREINC1, r0x02
004A CFEC F000 00503         MOVFF   PREINC1, r0x01
004E CFEC F000 00504         MOVFF   PREINC1, r0x00
0052 0012      00505         RETURN  
               00506 
               00507 ; ; Starting pCode block
               00508 S_main__Timer   code
0000           00509 _Timer:
               00510 ;       .line   69; main.c      }
0000 0012      00511         RETURN  
               00512 
               00513 ; ; Starting pCode block
               00514 S_main__Tick    code
0000           00515 _Tick:
               00516 ;       .line   61; main.c      }
0000 0012      00517         RETURN  
               00518 
               00519 ; ; Starting pCode block
gpasm-0.13.4 beta               _output/main__mios-gpasm-tmp.asm11-20-2008  04:04:03         PAGE 11


LOC  OBJECT CODE     LINE SOURCE TEXT
  VALUE
 
               00520 S_main__Init    code
0000           00521 _Init:
               00522 ;       .line   43; main.c      void Init(void) __wparam{
0000 C000 FFED 00523         MOVFF   r0x00, POSTDEC1
0004 C000 FFED 00524         MOVFF   r0x01, POSTDEC1
0008 C000 FFED 00525         MOVFF   r0x02, POSTDEC1
               00526 ;       .line   45; main.c      MIOS_SRIO_UpdateFrqSet(1); // ms
000C 0E01      00527         MOVLW   0x01
000E EC00 F000 00528         CALL    _MIOS_SRIO_UpdateFrqSet
               00529 ;       .line   46; main.c      MIOS_SRIO_NumberSet(1);
0012 0E01      00530         MOVLW   0x01
0014 EC00 F000 00531         CALL    _MIOS_SRIO_NumberSet
               00532 ;       .line   47; main.c      MIOS_SRIO_DebounceSet(20);
0018 0E14      00533         MOVLW   0x14
001A EC00 F000 00534         CALL    _MIOS_SRIO_DebounceSet
               00535 ;       .line   48; main.c      for(i=0;i<4;i++){
001E 6A00      00536         CLRF    r0x00
0020           00537 _00105_DS_:
0020 0E04      00538         MOVLW   0x04
0022 5C00      00539         SUBWF   r0x00, W
0024 E200      00540         BC      _00108_DS_
               00541 ;       .line   49; main.c      enc[i] = 0;
0026 0E00      00542         MOVLW   LOW(_enc)
0028 2400      00543         ADDWF   r0x00, W
002A 6E00      00544         MOVWF   r0x01
002C 6A00      00545         CLRF    r0x02
002E 0E00      00546         MOVLW   HIGH(_enc)
0030 2200      00547         ADDWFC  r0x02, F
0032 C000 FFE1 00548         MOVFF   r0x01, FSR0L
0036 C000 FFE2 00549         MOVFF   r0x02, FSR0H
003A 0E00      00550         MOVLW   0x00
003C 6EE7      00551         MOVWF   INDF0
               00552 ;       .line   50; main.c      MIOS_ENC_SpeedSet(i, MIOS_ENC_SPEED_FAST, 4);
003E 0E04      00553         MOVLW   0x04
0040 6EED      00554         MOVWF   POSTDEC1
0042 0E02      00555         MOVLW   0x02
0044 6EED      00556         MOVWF   POSTDEC1
0046 5000      00557         MOVF    r0x00, W
0048 EC00 F000 00558         CALL    _MIOS_ENC_SpeedSet
004C 0E02      00559         MOVLW   0x02
004E 26E9      00560         ADDWF   FSR1L, F
               00561 ;       .line   48; main.c      for(i=0;i<4;i++){
0050 2A00      00562         INCF    r0x00, F
0052 D000      00563         BRA     _00105_DS_
0054           00564 _00108_DS_:
               00565 ;       .line   52; main.c      TRISCbits.TRISC5 = 0;
0054 9A00      00566         BCF     _TRISCbits, 5
               00567 ;       .line   53; main.c      PORTCbits.RC5 = 1;
0056 8A00      00568         BSF     _PORTCbits, 5
0058 CFEC F000 00569         MOVFF   PREINC1, r0x02
005C CFEC F000 00570         MOVFF   PREINC1, r0x01
0060 CFEC F000 00571         MOVFF   PREINC1, r0x00
0064 0012      00572         RETURN  
               00573 
gpasm-0.13.4 beta               _output/main__mios-gpasm-tmp.asm11-20-2008  04:04:03         PAGE 12


LOC  OBJECT CODE     LINE SOURCE TEXT
  VALUE
 
               00574 
               00575 
               00576 ; Statistics:
               00577 ; code size:      598 (0x0256) bytes ( 0.46%)
               00578 ;                 299 (0x012b) words
               00579 ; udata size:       4 (0x0004) bytes ( 0.31%)
               00580 ; access size:      9 (0x0009) bytes
               00581 
               00582 
gpasm-0.13.4 beta               _output/main__mios-gpasm-tmp.asm11-20-2008  04:04:03         PAGE 13


SYMBOL TABLE
  LABEL                             VALUE 

FSR0H                             00000FE2
FSR0L                             00000FE1
FSR1L                             00000FE9
FSR2L                             00000FD9
INDF0                             00000FE7
PLUSW2                            00000FDB
POSTDEC1                          00000FED
PREINC1                           00000FEC
PRODL                             00000FF3
STATUS                            00000FD8
_00105_DS_                        00000020
_00108_DS_                        00000054
_00121_DS_                        00000014
_00124_DS_                        00000042
_00135_DS_                        0000000A
_00169_DS_                        0000009A
_00170_DS_                        000000F0
_00173_DS_                        00000088
_00174_DS_                        0000008C
_00175_DS_                        000000E2
_00176_DS_                        000000E4
_00181_DS_                        00000080
_00183_DS_                        000000DA
_ADCON0                           00000000
_ADCON0bits                       00000000
_ADCON1                           00000000
_ADCON1bits                       00000000
_ADRESH                           00000000
_ADRESL                           00000000
_AIN_NotifyChange                 00000000
_BSR                              00000000
_CCP1CON                          00000000
_CCP1CONbits                      00000000
_CCP2CON                          00000000
_CCP2CONbits                      00000000
_CCPR1H                           00000000
_CCPR1L                           00000000
_CCPR2H                           00000000
_CCPR2L                           00000000
_DIN_NotifyToggle                 00000000
_DISPLAY_Init                     00000000
_DISPLAY_Tick                     00000000
_EEADR                            00000000
_EECON1                           00000000
_EECON1bits                       00000000
_EECON2                           00000000
_EEDATA                           00000000
_ENC_NotifyChange                 00000000
_FSR0H                            00000000
_FSR0L                            00000000
_FSR1H                            00000000
_FSR1L                            00000000
_FSR2H                            00000000
gpasm-0.13.4 beta               _output/main__mios-gpasm-tmp.asm11-20-2008  04:04:03         PAGE 14


LOC  OBJECT CODE     LINE SOURCE TEXT
  VALUE
 
_FSR2L                            00000000
_INDF0                            00000000
_INDF1                            00000000
_INDF2                            00000000
_INTCON                           00000000
_INTCON2                          00000000
_INTCON2bits                      00000000
_INTCON3                          00000000
_INTCON3bits                      00000000
_INTCONbits                       00000000
_IPR1                             00000000
_IPR1bits                         00000000
_IPR2                             00000000
_IPR2bits                         00000000
_Init                             00000000
_LATA                             00000000
_LATAbits                         00000000
_LATB                             00000000
_LATBbits                         00000000
_LATC                             00000000
_LATCbits                         00000000
_LATD                             00000000
_LATDbits                         00000000
_LATE                             00000000
_LATEbits                         00000000
_LVDCON                           00000000
_LVDCONbits                       00000000
_MIOS_BOX_CFG0                    00000000
_MIOS_BOX_CFG1                    00000000
_MIOS_BOX_STAT                    00000000
_MIOS_ENC_PIN_TABLE               00000000
_MIOS_ENC_SpeedSet                00000000
_MIOS_LCD_Clear                   00000000
_MIOS_LCD_CursorSet               00000000
_MIOS_LCD_PrintBCD3               00000000
_MIOS_LCD_PrintChar               00000000
_MIOS_MPROC_EVENT_TABLE           00000000
_MIOS_PARAMETER1                  00000000
_MIOS_PARAMETER2                  00000000
_MIOS_PARAMETER3                  00000000
_MIOS_SRIO_DebounceSet            00000000
_MIOS_SRIO_NumberSet              00000000
_MIOS_SRIO_UpdateFrqSet           00000000
_MPROC_NotifyFoundEvent           00000000
_MPROC_NotifyReceivedByte         00000000
_MPROC_NotifyReceivedEvnt         00000000
_MPROC_NotifyTimeout              00000000
_OSCCON                           00000000
_OSCCONbits                       00000000
_PCL                              00000000
_PCLATH                           00000000
_PCLATU                           00000000
_PIE1                             00000000
_PIE1bits                         00000000
gpasm-0.13.4 beta               _output/main__mios-gpasm-tmp.asm11-20-2008  04:04:03         PAGE 15


LOC  OBJECT CODE     LINE SOURCE TEXT
  VALUE
 
_PIE2                             00000000
_PIE2bits                         00000000
_PIR1                             00000000
_PIR1bits                         00000000
_PIR2                             00000000
_PIR2bits                         00000000
_PLUSW0                           00000000
_PLUSW1                           00000000
_PLUSW2                           00000000
_PORTA                            00000000
_PORTAbits                        00000000
_PORTB                            00000000
_PORTBbits                        00000000
_PORTC                            00000000
_PORTCbits                        00000000
_PORTD                            00000000
_PORTDbits                        00000000
_PORTE                            00000000
_PORTEbits                        00000000
_POSTDEC0                         00000000
_POSTDEC1                         00000000
_POSTDEC2                         00000000
_POSTINC0                         00000000
_POSTINC1                         00000000
_POSTINC2                         00000000
_PR2                              00000000
_PREINC0                          00000000
_PREINC1                          00000000
_PREINC2                          00000000
_PRODH                            00000000
_PRODL                            00000000
_RCON                             00000000
_RCONbits                         00000000
_RCREG                            00000000
_RCSTA                            00000000
_RCSTAbits                        00000000
_SPBRG                            00000000
_SR_Service_Finish                00000000
_SR_Service_Prepare               00000000
_SSPADD                           00000000
_SSPBUF                           00000000
_SSPCON1                          00000000
_SSPCON1bits                      00000000
_SSPCON2                          00000000
_SSPCON2bits                      00000000
_SSPSTAT                          00000000
_SSPSTATbits                      00000000
_STATUS                           00000000
_STATUSbits                       00000000
_STKPTR                           00000000
_STKPTRbits                       00000000
_T0CON                            00000000
_T0CONbits                        00000000
_T1CON                            00000000
gpasm-0.13.4 beta               _output/main__mios-gpasm-tmp.asm11-20-2008  04:04:03         PAGE 16


LOC  OBJECT CODE     LINE SOURCE TEXT
  VALUE
 
_T1CONbits                        00000000
_T2CON                            00000000
_T2CONbits                        00000000
_T3CON                            00000000
_T3CONbits                        00000000
_TABLAT                           00000000
_TBLPTRH                          00000000
_TBLPTRL                          00000000
_TBLPTRU                          00000000
_TMR0H                            00000000
_TMR0L                            00000000
_TMR1H                            00000000
_TMR1L                            00000000
_TMR2                             00000000
_TMR3H                            00000000
_TMR3L                            00000000
_TOSH                             00000000
_TOSL                             00000000
_TOSU                             00000000
_TRISA                            00000000
_TRISAbits                        00000000
_TRISB                            00000000
_TRISBbits                        00000000
_TRISC                            00000000
_TRISCbits                        00000000
_TRISD                            00000000
_TRISDbits                        00000000
_TRISE                            00000000
_TRISEbits                        00000000
_TXREG                            00000000
_TXSTA                            00000000
_TXSTAbits                        00000000
_Tick                             00000000
_Timer                            00000000
_WDTCON                           00000000
_WDTCONbits                       00000000
_WREG                             00000000
__18F452                          00000001
_enc                              00000000
_enc_changed                      00000000
_mios_enc_pin_table               00003280
_mios_mproc_event_table           00000000
_print_enc_values                 00000000
r0x00                             00000010
r0x01                             00000011
r0x02                             00000012
r0x03                             00000013
r0x04                             00000014
r0x05                             00000015
r0x06                             00000016
r0x07                             00000017
r0x08                             00000018


Errors   :       0
Warnings :       0 reported,       0 suppressed
Messages :       0 reported,       0 suppressed

