gplink-0.13.4 alpha
Map File - Created 11-22-2008  19:59:42
 
                                 Section Info
                  Section       Type    Address   Location Size(Bytes)
                ---------  ---------  ---------  ---------  ---------
                .org_1800       code   0x003000    program   0x000080
                .org_1840       code   0x003080    program   0x000200
                .org_1940       code   0x003280    program   0x000080
S_main__info_screen_print       code   0x003300    program   0x00048e
 S_main__DIN_NotifyToggle       code   0x00378e    program   0x00041e
  S_main__inout_map_build       code   0x003bac    program   0x000284
     S_main__screen_print       code   0x003e30    program   0x000258
      S_main__preset_init       code   0x004088    program   0x000182
        MIOS_WRAPPER_CODE       code   0x00420a    program   0x00010c
             S_main__Tick       code   0x004316    program   0x0000ea
S_main__MPROC_NotifyReceivedEvnt       code   0x004400    program   0x0000da
S_main__MPROC_NotifyReceivedByte       code   0x0044da    program   0x0000c2
     S_main__preset_store       code   0x00459c    program   0x000074
      S_main__preset_load       code   0x004610    program   0x000074
    S_main__led_flash_set       code   0x004684    program   0x000060
  S_main__led_flash_start       code   0x0046e4    program   0x000046
   .MIOS_LCD_PrintCString       code   0x00472a    program   0x000044
             S_main__Init       code   0x00476e    program   0x000044
.MIOS_HLP_16bitAddSaturate       code   0x0047b2    program   0x000040
S_main__current_preset_set       code   0x0047f2    program   0x000032
S_main__timed_function_start       code   0x004824    program   0x00002a
  S_main__current_bus_set       code   0x00484e    program   0x000028
                    .code       code   0x004876    program   0x000020
S_main__current_screen_set       code   0x004896    program   0x00001e
         .MIOS_FLASH_Read       code   0x0048b4    program   0x00001a
        .MIOS_FLASH_Write       code   0x0048ce    program   0x00001a
.MIOS_BANKSTICK_WritePage       code   0x0048e8    program   0x000016
 .MIOS_BANKSTICK_ReadPage       code   0x0048fe    program   0x000016
.MIOS_LCD_PrintPreconfString       code   0x004914    program   0x000014
    .MIOS_LCD_YAddressSet       code   0x004928    program   0x000014
.MIOS_CLCD_SpecialCharInit       code   0x00493c    program   0x000014
   .MIOS_LCD_PrintMessage       code   0x004950    program   0x000012
    .MIOS_LCD_PrintString       code   0x004962    program   0x000012
.MIOS_CLCD_SpecialCharsInit       code   0x004974    program   0x000012
      .MIOS_GLCD_FontInit       code   0x004986    program   0x000012
    .MIOS_EEPROM_ReadPage       code   0x004998    program   0x000012
   .MIOS_EEPROM_WritePage       code   0x0049aa    program   0x000012
       .MIOS_MF_FaderMove       code   0x0049bc    program   0x000010
       .MIOS_ENC_SpeedSet       code   0x0049cc    program   0x000010
        .MIOS_LCD_TypeSet       code   0x0049dc    program   0x000010
    .MIOS_BANKSTICK_Write       code   0x0049ec    program   0x000010
         .MIOS_TIMER_Init       code   0x0049fc    program   0x000010
       .MIOS_TIMER_ReInit       code   0x004a0c    program   0x000010
S_main__timed_function_stop       code   0x004a1c    program   0x000010
     .MIOS_BANKSTICK_Read       code   0x004a2c    program   0x00000e
                  APP_LCD       code   0x004a3a    program   0x00000e
 S_main__AIN_NotifyChange       code   0x004a48    program   0x00000e
 S_main__ENC_NotifyChange       code   0x004a56    program   0x00000e
S_main__MPROC_NotifyFoundEvent       code   0x004a64    program   0x00000e
                   .cinit       code   0x004a72    program   0x00000e
        .MIOS_DOUT_PinSet       code   0x004a80    program   0x00000c
         .MIOS_DOUT_SRSet       code   0x004a8c    program   0x00000c
     .MIOS_ENC_Abs7bitAdd       code   0x004a98    program   0x00000c
     .MIOS_ENC_Abs7bitSet       code   0x004aa4    program   0x00000c
       .MIOS_ENC_SpeedGet       code   0x004ab0    program   0x00000c
      .MIOS_LCD_PrintBCD4       code   0x004abc    program   0x00000c
      .MIOS_LCD_PrintBCD5       code   0x004ac8    program   0x00000c
    .MIOS_GLCD_GCursorSet       code   0x004ad4    program   0x00000c
       .MIOS_EEPROM_Write       code   0x004ae0    program   0x00000c
        .MIOS_HLP_Dec2BCD       code   0x004aec    program   0x00000c
                 .idata_i       code   0x004af8    program   0x00000c
         .MIOS_AIN_PinGet       code   0x004b04    program   0x00000a
            S_main__Timer       code   0x004b0e    program   0x00000a
        .MIOS_EEPROM_Read       code   0x004b18    program   0x000006
    .MIOS_LCD_YAddressGet       code   0x004b1e    program   0x000004
S_main__SR_Service_Finish       code   0x004b22    program   0x000002
S_main__SR_Service_Prepare       code   0x004b24    program   0x000002
S_main__MPROC_NotifyTimeout       code   0x004b26    program   0x000002
     S_main__DISPLAY_Tick       code   0x004b28    program   0x000002
     S_main__DISPLAY_Init       code   0x004b2a    program   0x000002
                   .idata      idata   0x0000e0       data   0x00000c
           MIOS_VARIABLES      udata   00000000       data   0x000010
               .registers      udata   0x000010       data   0x000012
             udata_main_0      udata   0x000080       data   0x000040
             udata_main_2      udata   0x0000c0       data   0x000020
             udata_main_1      udata   0x000100       data   0x000100
 
                              Program Memory Usage
                               Start         End
                           ---------   ---------
                            0x003000    0x00307f
                            0x003080    0x00327f
                            0x003280    0x0032ff
                            0x00420a    0x004315
                            0x004b04    0x004b0d
                            0x0049bc    0x0049cb
                            0x004a80    0x004a8b
                            0x004a8c    0x004a97
                            0x004a98    0x004aa3
                            0x004aa4    0x004aaf
                            0x004ab0    0x004abb
                            0x0049cc    0x0049db
                            0x004abc    0x004ac7
                            0x004ac8    0x004ad3
                            0x004950    0x004961
                            0x004914    0x004927
                            0x004962    0x004973
                            0x0049dc    0x0049eb
                            0x004b1e    0x004b21
                            0x004928    0x00493b
                            0x00493c    0x00494f
                            0x004974    0x004985
                            0x004986    0x004997
                            0x004ad4    0x004adf
                            0x004b18    0x004b1d
                            0x004ae0    0x004aeb
                            0x004998    0x0049a9
                            0x0049aa    0x0049bb
                            0x0048b4    0x0048cd
                            0x0048ce    0x0048e7
                            0x004a2c    0x004a39
                            0x0049ec    0x0049fb
                            0x0048e8    0x0048fd
                            0x0048fe    0x004913
                            0x0049fc    0x004a0b
                            0x004a0c    0x004a1b
                            0x0047b2    0x0047f1
                            0x004aec    0x004af7
                            0x00472a    0x00476d
                            0x004a3a    0x004a47
                            0x004af8    0x004b03
                            0x004a48    0x004a55
                            0x004a56    0x004a63
                            0x004b22    0x004b23
                            0x004b24    0x004b25
                            0x004b26    0x004b27
                            0x004a64    0x004a71
                            0x004b28    0x004b29
                            0x004b2a    0x004b2b
                            0x004400    0x0044d9
                            0x0044da    0x00459b
                            0x00378e    0x003bab
                            0x004316    0x0043ff
                            0x004684    0x0046e3
                            0x0046e4    0x004729
                            0x004a1c    0x004a2b
                            0x004824    0x00484d
                            0x004b0e    0x004b17
                            0x0047f2    0x004823
                            0x00484e    0x004875
                            0x004896    0x0048b3
                            0x003e30    0x004087
                            0x003300    0x00378d
                            0x003bac    0x003e2f
                            0x004088    0x004209
                            0x00459c    0x00460f
                            0x004610    0x004683
                            0x00476e    0x0047b1
                            0x004876    0x004895
                            0x004a72    0x004a7f
 
                            3478 program addresses used
 
                              Symbols
                     Name    Address   Location    Storage File
                ---------  ---------  ---------  --------- ---------
               _User_Init   0x003000    program     static /home/this/mios/trunk/include/asm/user_vectors.inc
               _USER_Tick   0x003004    program     static /home/this/mios/trunk/include/asm/user_vectors.inc
              _USER_Timer   0x003008    program     static /home/this/mios/trunk/include/asm/user_vectors.inc
 _USER_MPROC_DebugTrigger   0x00300c    program     static /home/this/mios/trunk/include/asm/user_vectors.inc
       _USER_DISPLAY_Init   0x003010    program     static /home/this/mios/trunk/include/asm/user_vectors.inc
       _USER_DISPLAY_Tick   0x003014    program     static /home/this/mios/trunk/include/asm/user_vectors.inc
 _USER_SR_Service_Prepare   0x003018    program     static /home/this/mios/trunk/include/asm/user_vectors.inc
  _USER_SR_Service_Finish   0x00301c    program     static /home/this/mios/trunk/include/asm/user_vectors.inc
   _USER_DIN_NotifyToggle   0x003020    program     static /home/this/mios/trunk/include/asm/user_vectors.inc
   _USER_ENC_NotifyChange   0x003024    program     static /home/this/mios/trunk/include/asm/user_vectors.inc
   _USER_AIN_NotifyChange   0x003028    program     static /home/this/mios/trunk/include/asm/user_vectors.inc
_USER_MPROC_NotifyReceivedByte   0x00302c    program     static /home/this/mios/trunk/include/asm/user_vectors.inc
_USER_MPROC_NotifyTimeout   0x003030    program     static /home/this/mios/trunk/include/asm/user_vectors.inc
_USER_MPROC_NotifyReceivedEvent   0x003034    program     static /home/this/mios/trunk/include/asm/user_vectors.inc
_USER_MPROC_NotifyFoundEvent   0x003038    program     static /home/this/mios/trunk/include/asm/user_vectors.inc
           _USER_LCD_Init   0x00303c    program     static /home/this/mios/trunk/include/asm/user_vectors.inc
          _USER_LCD_Clear   0x003040    program     static /home/this/mios/trunk/include/asm/user_vectors.inc
      _USER_LCD_CursorSet   0x003044    program     static /home/this/mios/trunk/include/asm/user_vectors.inc
      _USER_LCD_PrintChar   0x003048    program     static /home/this/mios/trunk/include/asm/user_vectors.inc
      _USER_MIDI_NotifyRx   0x00304c    program     static /home/this/mios/trunk/include/asm/user_vectors.inc
      _USER_MIDI_NotifyTx   0x003050    program     static /home/this/mios/trunk/include/asm/user_vectors.inc
           _USER_LCD_Data   0x003054    program     static /home/this/mios/trunk/include/asm/user_vectors.inc
            _USER_LCD_Cmd   0x003058    program     static /home/this/mios/trunk/include/asm/user_vectors.inc
_USER_LCD_SpecialCharInit   0x00305c    program     static /home/this/mios/trunk/include/asm/user_vectors.inc
         USER_RESERVED_25   0x003060    program     static /home/this/mios/trunk/include/asm/user_vectors.inc
         USER_RESERVED_26   0x003064    program     static /home/this/mios/trunk/include/asm/user_vectors.inc
         USER_RESERVED_27   0x003068    program     static /home/this/mios/trunk/include/asm/user_vectors.inc
         USER_RESERVED_28   0x00306c    program     static /home/this/mios/trunk/include/asm/user_vectors.inc
         USER_RESERVED_29   0x003070    program     static /home/this/mios/trunk/include/asm/user_vectors.inc
         USER_RESERVED_30   0x003074    program     static /home/this/mios/trunk/include/asm/user_vectors.inc
         USER_RESERVED_31   0x003078    program     static /home/this/mios/trunk/include/asm/user_vectors.inc
         USER_RESERVED_32   0x00307c    program     static /home/this/mios/trunk/include/asm/user_vectors.inc
  _MIOS_MPROC_EVENT_TABLE   0x003080    program     static /home/this/mios/trunk/include/asm/mios_mt_table.inc
   MIOS_MPROC_EVENT_TABLE   0x003080    program     static /home/this/mios/trunk/include/asm/mios_mt_table.inc
      _MIOS_ENC_PIN_TABLE   0x003280    program     static /home/this/mios/trunk/include/asm/mios_enc_table.inc
       MIOS_ENC_PIN_TABLE   0x003280    program     static /home/this/mios/trunk/include/asm/mios_enc_table.inc
           _MIOS_BOX_CFG0   00000000       data     extern /home/this/mios/trunk/modules/mios_wrapper/mios_wrapper.asm
           _MIOS_BOX_CFG1   0x000001       data     extern /home/this/mios/trunk/modules/mios_wrapper/mios_wrapper.asm
           _MIOS_BOX_STAT   0x000002       data     extern /home/this/mios/trunk/modules/mios_wrapper/mios_wrapper.asm
         _MIOS_PARAMETER1   0x000003       data     extern /home/this/mios/trunk/modules/mios_wrapper/mios_wrapper.asm
         _MIOS_PARAMETER2   0x000004       data     extern /home/this/mios/trunk/modules/mios_wrapper/mios_wrapper.asm
         _MIOS_PARAMETER3   0x000005       data     extern /home/this/mios/trunk/modules/mios_wrapper/mios_wrapper.asm
                    _TMP1   0x000006       data     static /home/this/mios/trunk/modules/mios_wrapper/mios_wrapper.asm
                    _TMP2   0x000007       data     static /home/this/mios/trunk/modules/mios_wrapper/mios_wrapper.asm
                    _TMP3   0x000008       data     static /home/this/mios/trunk/modules/mios_wrapper/mios_wrapper.asm
                    _TMP4   0x000009       data     static /home/this/mios/trunk/modules/mios_wrapper/mios_wrapper.asm
                    _TMP5   0x00000a       data     static /home/this/mios/trunk/modules/mios_wrapper/mios_wrapper.asm
                _IRQ_TMP1   0x00000b       data     static /home/this/mios/trunk/modules/mios_wrapper/mios_wrapper.asm
                _IRQ_TMP2   0x00000c       data     static /home/this/mios/trunk/modules/mios_wrapper/mios_wrapper.asm
                _IRQ_TMP3   0x00000d       data     static /home/this/mios/trunk/modules/mios_wrapper/mios_wrapper.asm
                _IRQ_TMP4   0x00000e       data     static /home/this/mios/trunk/modules/mios_wrapper/mios_wrapper.asm
                _IRQ_TMP5   0x00000f       data     static /home/this/mios/trunk/modules/mios_wrapper/mios_wrapper.asm
                USER_Init   0x00420a    program     static /home/this/mios/trunk/modules/mios_wrapper/mios_wrapper.asm
                USER_Tick   0x004216    program     static /home/this/mios/trunk/modules/mios_wrapper/mios_wrapper.asm
               USER_Timer   0x004222    program     static /home/this/mios/trunk/modules/mios_wrapper/mios_wrapper.asm
  USER_MPROC_DebugTrigger   0x004240    program     static /home/this/mios/trunk/modules/mios_wrapper/mios_wrapper.asm
        USER_DISPLAY_Init   0x004242    program     static /home/this/mios/trunk/modules/mios_wrapper/mios_wrapper.asm
        USER_DISPLAY_Tick   0x00424e    program     static /home/this/mios/trunk/modules/mios_wrapper/mios_wrapper.asm
USER_MPROC_NotifyReceivedEvent   0x00425a    program     static /home/this/mios/trunk/modules/mios_wrapper/mios_wrapper.asm
USER_MPROC_NotifyFoundEvent   0x004270    program     static /home/this/mios/trunk/modules/mios_wrapper/mios_wrapper.asm
 USER_MPROC_NotifyTimeout   0x00428a    program     static /home/this/mios/trunk/modules/mios_wrapper/mios_wrapper.asm
USER_MPROC_NotifyReceivedByte   0x004296    program     static /home/this/mios/trunk/modules/mios_wrapper/mios_wrapper.asm
       USER_MIDI_NotifyTx   0x0042a2    program     static /home/this/mios/trunk/modules/mios_wrapper/mios_wrapper.asm
       USER_MIDI_NotifyRx   0x0042a4    program     static /home/this/mios/trunk/modules/mios_wrapper/mios_wrapper.asm
    USER_DIN_NotifyToggle   0x0042a6    program     static /home/this/mios/trunk/modules/mios_wrapper/mios_wrapper.asm
    USER_ENC_NotifyChange   0x0042b6    program     static /home/this/mios/trunk/modules/mios_wrapper/mios_wrapper.asm
  USER_SR_Service_Prepare   0x0042c6    program     static /home/this/mios/trunk/modules/mios_wrapper/mios_wrapper.asm
   USER_SR_Service_Finish   0x0042e4    program     static /home/this/mios/trunk/modules/mios_wrapper/mios_wrapper.asm
    USER_AIN_NotifyChange   0x004302    program     static /home/this/mios/trunk/modules/mios_wrapper/mios_wrapper.asm
   _MIOS_MIDI_BeginStream   0x002c00    program     extern /home/this/mios/trunk/modules/mios_wrapper/mios_wrapper.asm
_MIOS_MIDI_DeviceIDAutoSet   0x002c04    program     extern /home/this/mios/trunk/modules/mios_wrapper/mios_wrapper.asm
   _MIOS_MIDI_DeviceIDGet   0x002c08    program     extern /home/this/mios/trunk/modules/mios_wrapper/mios_wrapper.asm
   _MIOS_MIDI_DeviceIDSet   0x002c0c    program     extern /home/this/mios/trunk/modules/mios_wrapper/mios_wrapper.asm
     _MIOS_MIDI_EndStream   0x002c10    program     extern /home/this/mios/trunk/modules/mios_wrapper/mios_wrapper.asm
          _MIOS_MIDI_Init   0x002c14    program     extern /home/this/mios/trunk/modules/mios_wrapper/mios_wrapper.asm
_MIOS_MIDI_InterfaceAutoSet   0x002c18    program     extern /home/this/mios/trunk/modules/mios_wrapper/mios_wrapper.asm
  _MIOS_MIDI_InterfaceGet   0x002c1c    program     extern /home/this/mios/trunk/modules/mios_wrapper/mios_wrapper.asm
  _MIOS_MIDI_InterfaceSet   0x002c20    program     extern /home/this/mios/trunk/modules/mios_wrapper/mios_wrapper.asm
     _MIOS_MIDI_MergerGet   0x002c24    program     extern /home/this/mios/trunk/modules/mios_wrapper/mios_wrapper.asm
     _MIOS_MIDI_MergerSet   0x002c28    program     extern /home/this/mios/trunk/modules/mios_wrapper/mios_wrapper.asm
  _MIOS_MIDI_RxBufferFree   0x002c2c    program     extern /home/this/mios/trunk/modules/mios_wrapper/mios_wrapper.asm
   _MIOS_MIDI_RxBufferGet   0x002c30    program     extern /home/this/mios/trunk/modules/mios_wrapper/mios_wrapper.asm
   _MIOS_MIDI_RxBufferPut   0x002c34    program     extern /home/this/mios/trunk/modules/mios_wrapper/mios_wrapper.asm
  _MIOS_MIDI_RxBufferUsed   0x002c38    program     extern /home/this/mios/trunk/modules/mios_wrapper/mios_wrapper.asm
 _MIOS_MIDI_TxBufferFlush   0x002c3c    program     extern /home/this/mios/trunk/modules/mios_wrapper/mios_wrapper.asm
  _MIOS_MIDI_TxBufferFree   0x002c40    program     extern /home/this/mios/trunk/modules/mios_wrapper/mios_wrapper.asm
   _MIOS_MIDI_TxBufferGet   0x002c44    program     extern /home/this/mios/trunk/modules/mios_wrapper/mios_wrapper.asm
   _MIOS_MIDI_TxBufferPut   0x002c48    program     extern /home/this/mios/trunk/modules/mios_wrapper/mios_wrapper.asm
  _MIOS_MIDI_TxBufferUsed   0x002c4c    program     extern /home/this/mios/trunk/modules/mios_wrapper/mios_wrapper.asm
_MIOS_MPROC_MergerDisable   0x002c50    program     extern /home/this/mios/trunk/modules/mios_wrapper/mios_wrapper.asm
 _MIOS_MPROC_MergerEnable   0x002c54    program     extern /home/this/mios/trunk/modules/mios_wrapper/mios_wrapper.asm
    _MIOS_MPROC_MergerGet   0x002c58    program     extern /home/this/mios/trunk/modules/mios_wrapper/mios_wrapper.asm
    _MIOS_AIN_DeadbandGet   0x002c5c    program     extern /home/this/mios/trunk/modules/mios_wrapper/mios_wrapper.asm
    _MIOS_AIN_DeadbandSet   0x002c60    program     extern /home/this/mios/trunk/modules/mios_wrapper/mios_wrapper.asm
          _MIOS_AIN_Muxed   0x002c64    program     extern /home/this/mios/trunk/modules/mios_wrapper/mios_wrapper.asm
      _MIOS_AIN_NumberGet   0x002c68    program     extern /home/this/mios/trunk/modules/mios_wrapper/mios_wrapper.asm
      _MIOS_AIN_NumberSet   0x002c6c    program     extern /home/this/mios/trunk/modules/mios_wrapper/mios_wrapper.asm
     _MIOS_AIN_Pin7bitGet   0x002c70    program     extern /home/this/mios/trunk/modules/mios_wrapper/mios_wrapper.asm
         _MIOS_AIN_PinGet   0x004b04    program     extern /home/this/mios/trunk/modules/mios_wrapper/mios_wrapper.asm
      _MIOS_AIN_PinLSBGet   0x002c78    program     extern /home/this/mios/trunk/modules/mios_wrapper/mios_wrapper.asm
      _MIOS_AIN_PinMSBGet   0x002c7c    program     extern /home/this/mios/trunk/modules/mios_wrapper/mios_wrapper.asm
        _MIOS_AIN_UnMuxed   0x002c80    program     extern /home/this/mios/trunk/modules/mios_wrapper/mios_wrapper.asm
_MIOS_MF_PWM_DutyCycleDownGet   0x002c84    program     extern /home/this/mios/trunk/modules/mios_wrapper/mios_wrapper.asm
_MIOS_MF_PWM_DutyCycleDownSet   0x002c88    program     extern /home/this/mios/trunk/modules/mios_wrapper/mios_wrapper.asm
_MIOS_MF_PWM_DutyCycleUpGet   0x002c8c    program     extern /home/this/mios/trunk/modules/mios_wrapper/mios_wrapper.asm
_MIOS_MF_PWM_DutyCycleUpSet   0x002c90    program     extern /home/this/mios/trunk/modules/mios_wrapper/mios_wrapper.asm
     _MIOS_MF_DeadbandGet   0x002c94    program     extern /home/this/mios/trunk/modules/mios_wrapper/mios_wrapper.asm
     _MIOS_MF_DeadbandSet   0x002c98    program     extern /home/this/mios/trunk/modules/mios_wrapper/mios_wrapper.asm
         _MIOS_MF_Disable   0x002c9c    program     extern /home/this/mios/trunk/modules/mios_wrapper/mios_wrapper.asm
          _MIOS_MF_Enable   0x002ca0    program     extern /home/this/mios/trunk/modules/mios_wrapper/mios_wrapper.asm
       _MIOS_MF_FaderMove   0x0049bc    program     extern /home/this/mios/trunk/modules/mios_wrapper/mios_wrapper.asm
  _MIOS_MF_SuspendDisable   0x002ca8    program     extern /home/this/mios/trunk/modules/mios_wrapper/mios_wrapper.asm
   _MIOS_MF_SuspendEnable   0x002cac    program     extern /home/this/mios/trunk/modules/mios_wrapper/mios_wrapper.asm
      _MIOS_MF_SuspendGet   0x002cb0    program     extern /home/this/mios/trunk/modules/mios_wrapper/mios_wrapper.asm
   _MIOS_MF_PWM_PeriodGet   0x002dfc    program     extern /home/this/mios/trunk/modules/mios_wrapper/mios_wrapper.asm
   _MIOS_MF_PWM_PeriodSet   0x002e00    program     extern /home/this/mios/trunk/modules/mios_wrapper/mios_wrapper.asm
_MIOS_MF_TouchDetectionReset   0x002e2c    program     extern /home/this/mios/trunk/modules/mios_wrapper/mios_wrapper.asm
         _MIOS_DIN_PinGet   0x002cb4    program     extern /home/this/mios/trunk/modules/mios_wrapper/mios_wrapper.asm
          _MIOS_DIN_SRGet   0x002cb8    program     extern /home/this/mios/trunk/modules/mios_wrapper/mios_wrapper.asm
        _MIOS_DOUT_PinGet   0x002cbc    program     extern /home/this/mios/trunk/modules/mios_wrapper/mios_wrapper.asm
        _MIOS_DOUT_PinSet   0x004a80    program     extern /home/this/mios/trunk/modules/mios_wrapper/mios_wrapper.asm
       _MIOS_DOUT_PinSet0   0x002cc4    program     extern /home/this/mios/trunk/modules/mios_wrapper/mios_wrapper.asm
       _MIOS_DOUT_PinSet1   0x002cc8    program     extern /home/this/mios/trunk/modules/mios_wrapper/mios_wrapper.asm
         _MIOS_DOUT_SRGet   0x002ccc    program     extern /home/this/mios/trunk/modules/mios_wrapper/mios_wrapper.asm
         _MIOS_DOUT_SRSet   0x004a8c    program     extern /home/this/mios/trunk/modules/mios_wrapper/mios_wrapper.asm
     _MIOS_ENC_Abs7bitAdd   0x004a98    program     extern /home/this/mios/trunk/modules/mios_wrapper/mios_wrapper.asm
     _MIOS_ENC_Abs7bitGet   0x002cd8    program     extern /home/this/mios/trunk/modules/mios_wrapper/mios_wrapper.asm
     _MIOS_ENC_Abs7bitSet   0x004aa4    program     extern /home/this/mios/trunk/modules/mios_wrapper/mios_wrapper.asm
      _MIOS_ENC_NumberGet   0x002ce0    program     extern /home/this/mios/trunk/modules/mios_wrapper/mios_wrapper.asm
       _MIOS_ENC_SpeedGet   0x004ab0    program     extern /home/this/mios/trunk/modules/mios_wrapper/mios_wrapper.asm
       _MIOS_ENC_SpeedSet   0x0049cc    program     extern /home/this/mios/trunk/modules/mios_wrapper/mios_wrapper.asm
     _MIOS_SRIO_NumberGet   0x002cec    program     extern /home/this/mios/trunk/modules/mios_wrapper/mios_wrapper.asm
     _MIOS_SRIO_NumberSet   0x002cf0    program     extern /home/this/mios/trunk/modules/mios_wrapper/mios_wrapper.asm
_MIOS_SRIO_TS_SensitivityGet   0x002cf4    program     extern /home/this/mios/trunk/modules/mios_wrapper/mios_wrapper.asm
_MIOS_SRIO_TS_SensitivitySet   0x002cf8    program     extern /home/this/mios/trunk/modules/mios_wrapper/mios_wrapper.asm
  _MIOS_SRIO_UpdateFrqGet   0x002cfc    program     extern /home/this/mios/trunk/modules/mios_wrapper/mios_wrapper.asm
  _MIOS_SRIO_UpdateFrqSet   0x002d00    program     extern /home/this/mios/trunk/modules/mios_wrapper/mios_wrapper.asm
   _MIOS_SRIO_DebounceGet   0x002e28    program     extern /home/this/mios/trunk/modules/mios_wrapper/mios_wrapper.asm
   _MIOS_SRIO_DebounceSet   0x002e24    program     extern /home/this/mios/trunk/modules/mios_wrapper/mios_wrapper.asm
          _MIOS_LCD_Clear   0x002d04    program     extern /home/this/mios/trunk/modules/mios_wrapper/mios_wrapper.asm
            _MIOS_LCD_Cmd   0x002d08    program     extern /home/this/mios/trunk/modules/mios_wrapper/mios_wrapper.asm
      _MIOS_LCD_CursorGet   0x002d0c    program     extern /home/this/mios/trunk/modules/mios_wrapper/mios_wrapper.asm
      _MIOS_LCD_CursorSet   0x002d10    program     extern /home/this/mios/trunk/modules/mios_wrapper/mios_wrapper.asm
           _MIOS_LCD_Data   0x002d14    program     extern /home/this/mios/trunk/modules/mios_wrapper/mios_wrapper.asm
           _MIOS_LCD_Init   0x002d18    program     extern /home/this/mios/trunk/modules/mios_wrapper/mios_wrapper.asm
      _MIOS_LCD_PrintBCD1   0x002d1c    program     extern /home/this/mios/trunk/modules/mios_wrapper/mios_wrapper.asm
      _MIOS_LCD_PrintBCD2   0x002d20    program     extern /home/this/mios/trunk/modules/mios_wrapper/mios_wrapper.asm
      _MIOS_LCD_PrintBCD3   0x002d24    program     extern /home/this/mios/trunk/modules/mios_wrapper/mios_wrapper.asm
      _MIOS_LCD_PrintBCD4   0x004abc    program     extern /home/this/mios/trunk/modules/mios_wrapper/mios_wrapper.asm
      _MIOS_LCD_PrintBCD5   0x004ac8    program     extern /home/this/mios/trunk/modules/mios_wrapper/mios_wrapper.asm
      _MIOS_LCD_PrintChar   0x002d28    program     extern /home/this/mios/trunk/modules/mios_wrapper/mios_wrapper.asm
      _MIOS_LCD_PrintHex1   0x002d2c    program     extern /home/this/mios/trunk/modules/mios_wrapper/mios_wrapper.asm
      _MIOS_LCD_PrintHex2   0x002d30    program     extern /home/this/mios/trunk/modules/mios_wrapper/mios_wrapper.asm
   _MIOS_LCD_PrintMessage   0x004950    program     extern /home/this/mios/trunk/modules/mios_wrapper/mios_wrapper.asm
_MIOS_LCD_PrintPreconfString   0x004914    program     extern /home/this/mios/trunk/modules/mios_wrapper/mios_wrapper.asm
    _MIOS_LCD_PrintString   0x004962    program     extern /home/this/mios/trunk/modules/mios_wrapper/mios_wrapper.asm
    _MIOS_LCD_TypeAutoSet   0x002d40    program     extern /home/this/mios/trunk/modules/mios_wrapper/mios_wrapper.asm
        _MIOS_LCD_TypeGet   0x002d44    program     extern /home/this/mios/trunk/modules/mios_wrapper/mios_wrapper.asm
        _MIOS_LCD_TypeSet   0x0049dc    program     extern /home/this/mios/trunk/modules/mios_wrapper/mios_wrapper.asm
    _MIOS_LCD_YAddressGet   0x004b1e    program     extern /home/this/mios/trunk/modules/mios_wrapper/mios_wrapper.asm
    _MIOS_LCD_YAddressSet   0x004928    program     extern /home/this/mios/trunk/modules/mios_wrapper/mios_wrapper.asm
   _MIOS_LCD_MessageStart   0x002df4    program     extern /home/this/mios/trunk/modules/mios_wrapper/mios_wrapper.asm
    _MIOS_LCD_MessageStop   0x002df8    program     extern /home/this/mios/trunk/modules/mios_wrapper/mios_wrapper.asm
_MIOS_CLCD_SpecialCharInit   0x00493c    program     extern /home/this/mios/trunk/modules/mios_wrapper/mios_wrapper.asm
_MIOS_CLCD_SpecialCharsInit   0x004974    program     extern /home/this/mios/trunk/modules/mios_wrapper/mios_wrapper.asm
      _MIOS_GLCD_FontInit   0x004986    program     extern /home/this/mios/trunk/modules/mios_wrapper/mios_wrapper.asm
    _MIOS_GLCD_GCursorGet   0x002d58    program     extern /home/this/mios/trunk/modules/mios_wrapper/mios_wrapper.asm
    _MIOS_GLCD_GCursorSet   0x004ad4    program     extern /home/this/mios/trunk/modules/mios_wrapper/mios_wrapper.asm
        _MIOS_EEPROM_Read   0x004b18    program     extern /home/this/mios/trunk/modules/mios_wrapper/mios_wrapper.asm
       _MIOS_EEPROM_Write   0x004ae0    program     extern /home/this/mios/trunk/modules/mios_wrapper/mios_wrapper.asm
    _MIOS_EEPROM_ReadPage   0x004998    program     extern /home/this/mios/trunk/modules/mios_wrapper/mios_wrapper.asm
   _MIOS_EEPROM_WritePage   0x0049aa    program     extern /home/this/mios/trunk/modules/mios_wrapper/mios_wrapper.asm
         _MIOS_FLASH_Read   0x0048b4    program     extern /home/this/mios/trunk/modules/mios_wrapper/mios_wrapper.asm
        _MIOS_FLASH_Write   0x0048ce    program     extern /home/this/mios/trunk/modules/mios_wrapper/mios_wrapper.asm
     _MIOS_BANKSTICK_Read   0x004a2c    program     extern /home/this/mios/trunk/modules/mios_wrapper/mios_wrapper.asm
    _MIOS_BANKSTICK_Write   0x0049ec    program     extern /home/this/mios/trunk/modules/mios_wrapper/mios_wrapper.asm
  _MIOS_BANKSTICK_CtrlSet   0x002ddc    program     extern /home/this/mios/trunk/modules/mios_wrapper/mios_wrapper.asm
  _MIOS_BANKSTICK_CtrlGet   0x002de0    program     extern /home/this/mios/trunk/modules/mios_wrapper/mios_wrapper.asm
_MIOS_BANKSTICK_WritePage   0x0048e8    program     extern /home/this/mios/trunk/modules/mios_wrapper/mios_wrapper.asm
 _MIOS_BANKSTICK_ReadPage   0x0048fe    program     extern /home/this/mios/trunk/modules/mios_wrapper/mios_wrapper.asm
         _MIOS_TIMER_Init   0x0049fc    program     extern /home/this/mios/trunk/modules/mios_wrapper/mios_wrapper.asm
        _MIOS_TIMER_Start   0x002d7c    program     extern /home/this/mios/trunk/modules/mios_wrapper/mios_wrapper.asm
         _MIOS_TIMER_Stop   0x002d80    program     extern /home/this/mios/trunk/modules/mios_wrapper/mios_wrapper.asm
       _MIOS_TIMER_ReInit   0x004a0c    program     extern /home/this/mios/trunk/modules/mios_wrapper/mios_wrapper.asm
  _MIOS_HLP_GetBitANDMask   0x002d88    program     extern /home/this/mios/trunk/modules/mios_wrapper/mios_wrapper.asm
   _MIOS_HLP_GetBitORMask   0x002d8c    program     extern /home/this/mios/trunk/modules/mios_wrapper/mios_wrapper.asm
_MIOS_HLP_16bitAddSaturate   0x0047b2    program     extern /home/this/mios/trunk/modules/mios_wrapper/mios_wrapper.asm
        _MIOS_HLP_Dec2BCD   0x004aec    program     extern /home/this/mios/trunk/modules/mios_wrapper/mios_wrapper.asm
              _MIOS_Delay   0x002d9c    program     extern /home/this/mios/trunk/modules/mios_wrapper/mios_wrapper.asm
       _MIOS_GPCounterGet   0x002da0    program     extern /home/this/mios/trunk/modules/mios_wrapper/mios_wrapper.asm
              _MIOS_Reset   0x002da4    program     extern /home/this/mios/trunk/modules/mios_wrapper/mios_wrapper.asm
       _MIOS_SystemResume   0x002da8    program     extern /home/this/mios/trunk/modules/mios_wrapper/mios_wrapper.asm
      _MIOS_SystemSuspend   0x002dac    program     extern /home/this/mios/trunk/modules/mios_wrapper/mios_wrapper.asm
         _MIOS_UserResume   0x002db0    program     extern /home/this/mios/trunk/modules/mios_wrapper/mios_wrapper.asm
        _MIOS_UserSuspend   0x002db4    program     extern /home/this/mios/trunk/modules/mios_wrapper/mios_wrapper.asm
_MIOS_DIN_PinAutoRepeatEnable   0x002dbc    program     extern /home/this/mios/trunk/modules/mios_wrapper/mios_wrapper.asm
_MIOS_DIN_PinAutoRepeatDisable   0x002dc0    program     extern /home/this/mios/trunk/modules/mios_wrapper/mios_wrapper.asm
_MIOS_DIN_PinAutoRepeatGet   0x002dc4    program     extern /home/this/mios/trunk/modules/mios_wrapper/mios_wrapper.asm
 _MIOS_AIN_DynamicPrioSet   0x002dd0    program     extern /home/this/mios/trunk/modules/mios_wrapper/mios_wrapper.asm
 _MIOS_AIN_DynamicPrioGet   0x002dd4    program     extern /home/this/mios/trunk/modules/mios_wrapper/mios_wrapper.asm
    _MIOS_AIN_LastPinsGet   0x002dd8    program     extern /home/this/mios/trunk/modules/mios_wrapper/mios_wrapper.asm
          _MIOS_IIC_Start   0x002e04    program     extern /home/this/mios/trunk/modules/mios_wrapper/mios_wrapper.asm
           _MIOS_IIC_Stop   0x002e08    program     extern /home/this/mios/trunk/modules/mios_wrapper/mios_wrapper.asm
       _MIOS_IIC_ByteSend   0x002e0c    program     extern /home/this/mios/trunk/modules/mios_wrapper/mios_wrapper.asm
    _MIOS_IIC_ByteReceive   0x002e10    program     extern /home/this/mios/trunk/modules/mios_wrapper/mios_wrapper.asm
        _MIOS_IIC_AckSend   0x002e14    program     extern /home/this/mios/trunk/modules/mios_wrapper/mios_wrapper.asm
        _MIOS_IIC_NakSend   0x002e18    program     extern /home/this/mios/trunk/modules/mios_wrapper/mios_wrapper.asm
        _MIOS_IIC_CtrlSet   0x002e1c    program     extern /home/this/mios/trunk/modules/mios_wrapper/mios_wrapper.asm
        _MIOS_IIC_CtrlGet   0x002e20    program     extern /home/this/mios/trunk/modules/mios_wrapper/mios_wrapper.asm
   _MIOS_LCD_PrintCString   0x00472a    program     extern /home/this/mios/trunk/modules/mios_wrapper/mios_wrapper.asm
_MIOS_LCD_PrintCString_Code   0x00473a    program     static /home/this/mios/trunk/modules/mios_wrapper/mios_wrapper.asm
_MIOS_LCD_PrintCStringLoop_Code   0x00473c    program     static /home/this/mios/trunk/modules/mios_wrapper/mios_wrapper.asm
_MIOS_LCD_PrintCString_Code_End   0x004748    program     static /home/this/mios/trunk/modules/mios_wrapper/mios_wrapper.asm
_MIOS_LCD_PrintCString_RAM   0x00474a    program     static /home/this/mios/trunk/modules/mios_wrapper/mios_wrapper.asm
_MIOS_LCD_PrintCStringLoop_RAM   0x00475a    program     static /home/this/mios/trunk/modules/mios_wrapper/mios_wrapper.asm
_MIOS_LCD_PrintCString_RAM_End   0x004764    program     static /home/this/mios/trunk/modules/mios_wrapper/mios_wrapper.asm
            USER_LCD_Init   0x004a3a    program     extern /home/this/mios/trunk/modules/app_lcd/dummy/app_lcd.inc
           USER_LCD_Clear   0x004a3c    program     extern /home/this/mios/trunk/modules/app_lcd/dummy/app_lcd.inc
       USER_LCD_CursorSet   0x004a3e    program     extern /home/this/mios/trunk/modules/app_lcd/dummy/app_lcd.inc
       USER_LCD_PrintChar   0x004a40    program     extern /home/this/mios/trunk/modules/app_lcd/dummy/app_lcd.inc
            USER_LCD_Data   0x004a42    program     extern /home/this/mios/trunk/modules/app_lcd/dummy/app_lcd.inc
             USER_LCD_Cmd   0x004a44    program     extern /home/this/mios/trunk/modules/app_lcd/dummy/app_lcd.inc
 USER_LCD_SpecialCharInit   0x004a46    program     extern /home/this/mios/trunk/modules/app_lcd/dummy/app_lcd.inc
      _current_screen_num   0x0000e0       data     extern _output/main__mios-gpasm-tmp.asm
      _current_preset_num   0x0000e1       data     extern _output/main__mios-gpasm-tmp.asm
         _current_bus_num   0x0000e2       data     extern _output/main__mios-gpasm-tmp.asm
     _current_shift_state   0x0000e3       data     extern _output/main__mios-gpasm-tmp.asm
              _temp_value   0x0000e4       data     extern _output/main__mios-gpasm-tmp.asm
          _timed_function   0x0000e5       data     extern _output/main__mios-gpasm-tmp.asm
       _timer_ticks_count   0x0000e6       data     extern _output/main__mios-gpasm-tmp.asm
           _led_flash_led   0x0000e8       data     extern _output/main__mios-gpasm-tmp.asm
         _led_flash_count   0x0000e9       data     extern _output/main__mios-gpasm-tmp.asm
         _led_flash_ticks   0x0000ea       data     extern _output/main__mios-gpasm-tmp.asm
_MPROC_NotifyReceivedByte_fx_status_1_1   0x0000eb       data     static _output/main__mios-gpasm-tmp.asm
                    r0x00   0x000010       data     static _output/main__mios-gpasm-tmp.asm
                    r0x01   0x000011       data     static _output/main__mios-gpasm-tmp.asm
                    r0x02   0x000012       data     static _output/main__mios-gpasm-tmp.asm
                    r0x03   0x000013       data     static _output/main__mios-gpasm-tmp.asm
                    r0x04   0x000014       data     static _output/main__mios-gpasm-tmp.asm
                    r0x05   0x000015       data     static _output/main__mios-gpasm-tmp.asm
                    r0x06   0x000016       data     static _output/main__mios-gpasm-tmp.asm
                    r0x07   0x000017       data     static _output/main__mios-gpasm-tmp.asm
                    r0x08   0x000018       data     static _output/main__mios-gpasm-tmp.asm
                    r0x09   0x000019       data     static _output/main__mios-gpasm-tmp.asm
                    r0x0a   0x00001a       data     static _output/main__mios-gpasm-tmp.asm
                    r0x0b   0x00001b       data     static _output/main__mios-gpasm-tmp.asm
                    r0x0c   0x00001c       data     static _output/main__mios-gpasm-tmp.asm
                    r0x0d   0x00001d       data     static _output/main__mios-gpasm-tmp.asm
                    r0x0e   0x00001e       data     static _output/main__mios-gpasm-tmp.asm
                    r0x0f   0x00001f       data     static _output/main__mios-gpasm-tmp.asm
                    r0x10   0x000020       data     static _output/main__mios-gpasm-tmp.asm
                    r0x11   0x000021       data     static _output/main__mios-gpasm-tmp.asm
          _current_preset   0x000080       data     extern _output/main__mios-gpasm-tmp.asm
          _midi_inout_map   0x000100       data     extern _output/main__mios-gpasm-tmp.asm
_inout_map_build_outputs_1_1   0x0000c0       data     static _output/main__mios-gpasm-tmp.asm
        _AIN_NotifyChange   0x004a48    program     extern _output/main__mios-gpasm-tmp.asm
        _ENC_NotifyChange   0x004a56    program     extern _output/main__mios-gpasm-tmp.asm
       _SR_Service_Finish   0x004b22    program     extern _output/main__mios-gpasm-tmp.asm
      _SR_Service_Prepare   0x004b24    program     extern _output/main__mios-gpasm-tmp.asm
     _MPROC_NotifyTimeout   0x004b26    program     extern _output/main__mios-gpasm-tmp.asm
  _MPROC_NotifyFoundEvent   0x004a64    program     extern _output/main__mios-gpasm-tmp.asm
            _DISPLAY_Tick   0x004b28    program     extern _output/main__mios-gpasm-tmp.asm
            _DISPLAY_Init   0x004b2a    program     extern _output/main__mios-gpasm-tmp.asm
_MPROC_NotifyReceivedEvnt   0x004400    program     extern _output/main__mios-gpasm-tmp.asm
               _00570_DS_   0x004450    program     static _output/main__mios-gpasm-tmp.asm
               _00571_DS_   0x004454    program     static _output/main__mios-gpasm-tmp.asm
               _00563_DS_   0x004462    program     static _output/main__mios-gpasm-tmp.asm
               _00565_DS_   0x0044b0    program     static _output/main__mios-gpasm-tmp.asm
               _00567_DS_   0x0044b4    program     static _output/main__mios-gpasm-tmp.asm
_MPROC_NotifyReceivedByte   0x0044da    program     extern _output/main__mios-gpasm-tmp.asm
               _00554_DS_   0x004548    program     static _output/main__mios-gpasm-tmp.asm
               _00532_DS_   0x004558    program     static _output/main__mios-gpasm-tmp.asm
               _00533_DS_   0x004560    program     static _output/main__mios-gpasm-tmp.asm
               _00534_DS_   0x004568    program     static _output/main__mios-gpasm-tmp.asm
               _00535_DS_   0x004570    program     static _output/main__mios-gpasm-tmp.asm
               _00542_DS_   0x004576    program     static _output/main__mios-gpasm-tmp.asm
               _00556_DS_   0x00458a    program     static _output/main__mios-gpasm-tmp.asm
               _00544_DS_   0x00458e    program     static _output/main__mios-gpasm-tmp.asm
        _DIN_NotifyToggle   0x00378e    program     extern _output/main__mios-gpasm-tmp.asm
               _00449_DS_   0x0037d4    program     static _output/main__mios-gpasm-tmp.asm
               _00450_DS_   0x0037e2    program     static _output/main__mios-gpasm-tmp.asm
               _00515_DS_   0x00381e    program     static _output/main__mios-gpasm-tmp.asm
               _00516_DS_   0x003820    program     static _output/main__mios-gpasm-tmp.asm
               _00518_DS_   0x003860    program     static _output/main__mios-gpasm-tmp.asm
               _00451_DS_   0x003870    program     static _output/main__mios-gpasm-tmp.asm
               _00453_DS_   0x0038a6    program     static _output/main__mios-gpasm-tmp.asm
               _00455_DS_   0x0038b0    program     static _output/main__mios-gpasm-tmp.asm
               _00456_DS_   0x0038ba    program     static _output/main__mios-gpasm-tmp.asm
               _00482_DS_   0x00394a    program     static _output/main__mios-gpasm-tmp.asm
               _00483_DS_   0x003956    program     static _output/main__mios-gpasm-tmp.asm
               _00458_DS_   0x003968    program     static _output/main__mios-gpasm-tmp.asm
               _00521_DS_   0x0039d0    program     static _output/main__mios-gpasm-tmp.asm
               _00522_DS_   0x0039d2    program     static _output/main__mios-gpasm-tmp.asm
               _00484_DS_   0x0039d8    program     static _output/main__mios-gpasm-tmp.asm
               _00485_DS_   0x0039e0    program     static _output/main__mios-gpasm-tmp.asm
               _00459_DS_   0x0039f0    program     static _output/main__mios-gpasm-tmp.asm
               _00460_DS_   0x0039f6    program     static _output/main__mios-gpasm-tmp.asm
               _00486_DS_   0x003a86    program     static _output/main__mios-gpasm-tmp.asm
               _00487_DS_   0x003a92    program     static _output/main__mios-gpasm-tmp.asm
               _00462_DS_   0x003aa4    program     static _output/main__mios-gpasm-tmp.asm
               _00525_DS_   0x003b0c    program     static _output/main__mios-gpasm-tmp.asm
               _00526_DS_   0x003b0e    program     static _output/main__mios-gpasm-tmp.asm
               _00488_DS_   0x003b14    program     static _output/main__mios-gpasm-tmp.asm
               _00489_DS_   0x003b1c    program     static _output/main__mios-gpasm-tmp.asm
               _00463_DS_   0x003b2c    program     static _output/main__mios-gpasm-tmp.asm
               _00477_DS_   0x003b32    program     static _output/main__mios-gpasm-tmp.asm
               _00472_DS_   0x003b54    program     static _output/main__mios-gpasm-tmp.asm
               _00470_DS_   0x003b6c    program     static _output/main__mios-gpasm-tmp.asm
               _00478_DS_   0x003b7a    program     static _output/main__mios-gpasm-tmp.asm
               _00480_DS_   0x003b7e    program     static _output/main__mios-gpasm-tmp.asm
                    _Tick   0x004316    program     extern _output/main__mios-gpasm-tmp.asm
               _00404_DS_   0x004326    program     static _output/main__mios-gpasm-tmp.asm
               _00435_DS_   0x004330    program     static _output/main__mios-gpasm-tmp.asm
               _00436_DS_   0x00433c    program     static _output/main__mios-gpasm-tmp.asm
               _00418_DS_   0x00435e    program     static _output/main__mios-gpasm-tmp.asm
               _00421_DS_   0x00436e    program     static _output/main__mios-gpasm-tmp.asm
               _00406_DS_   0x004392    program     static _output/main__mios-gpasm-tmp.asm
               _00415_DS_   0x0043b2    program     static _output/main__mios-gpasm-tmp.asm
               _00440_DS_   0x0043cc    program     static _output/main__mios-gpasm-tmp.asm
               _00409_DS_   0x0043ee    program     static _output/main__mios-gpasm-tmp.asm
               _00422_DS_   0x0043f6    program     static _output/main__mios-gpasm-tmp.asm
           _led_flash_set   0x004684    program     extern _output/main__mios-gpasm-tmp.asm
               _00393_DS_   0x0046a8    program     static _output/main__mios-gpasm-tmp.asm
               _00394_DS_   0x0046aa    program     static _output/main__mios-gpasm-tmp.asm
               _00389_DS_   0x0046c8    program     static _output/main__mios-gpasm-tmp.asm
               _00391_DS_   0x0046d6    program     static _output/main__mios-gpasm-tmp.asm
         _led_flash_start   0x0046e4    program     extern _output/main__mios-gpasm-tmp.asm
     _timed_function_stop   0x004a1c    program     extern _output/main__mios-gpasm-tmp.asm
    _timed_function_start   0x004824    program     extern _output/main__mios-gpasm-tmp.asm
                   _Timer   0x004b0e    program     extern _output/main__mios-gpasm-tmp.asm
               _10619_DS_   0x004b16    program     static _output/main__mios-gpasm-tmp.asm
      _current_preset_set   0x0047f2    program     extern _output/main__mios-gpasm-tmp.asm
         _current_bus_set   0x00484e    program     extern _output/main__mios-gpasm-tmp.asm
      _current_screen_set   0x004896    program     extern _output/main__mios-gpasm-tmp.asm
            _screen_print   0x003e30    program     extern _output/main__mios-gpasm-tmp.asm
               _00294_DS_   0x003e42    program     static _output/main__mios-gpasm-tmp.asm
               _00339_DS_   0x003eb0    program     static _output/main__mios-gpasm-tmp.asm
               _00295_DS_   0x003ec0    program     static _output/main__mios-gpasm-tmp.asm
               _00297_DS_   0x003ede    program     static _output/main__mios-gpasm-tmp.asm
               _00299_DS_   0x003efc    program     static _output/main__mios-gpasm-tmp.asm
               _00307_DS_   0x003f0c    program     static _output/main__mios-gpasm-tmp.asm
               _00304_DS_   0x003f1c    program     static _output/main__mios-gpasm-tmp.asm
               _00301_DS_   0x003f3a    program     static _output/main__mios-gpasm-tmp.asm
               _00309_DS_   0x003f58    program     static _output/main__mios-gpasm-tmp.asm
               _00314_DS_   0x003f68    program     static _output/main__mios-gpasm-tmp.asm
               _00311_DS_   0x003f78    program     static _output/main__mios-gpasm-tmp.asm
               _00316_DS_   0x003fe4    program     static _output/main__mios-gpasm-tmp.asm
               _00321_DS_   0x003ff4    program     static _output/main__mios-gpasm-tmp.asm
               _00318_DS_   0x004004    program     static _output/main__mios-gpasm-tmp.asm
               _00324_DS_   0x00407e    program     static _output/main__mios-gpasm-tmp.asm
       _info_screen_print   0x003300    program     extern _output/main__mios-gpasm-tmp.asm
               _00266_DS_   0x003376    program     static _output/main__mios-gpasm-tmp.asm
               _00181_DS_   0x00338e    program     static _output/main__mios-gpasm-tmp.asm
               _00210_DS_   0x003394    program     static _output/main__mios-gpasm-tmp.asm
               _00182_DS_   0x003406    program     static _output/main__mios-gpasm-tmp.asm
               _00212_DS_   0x003438    program     static _output/main__mios-gpasm-tmp.asm
               _00186_DS_   0x003444    program     static _output/main__mios-gpasm-tmp.asm
               _00214_DS_   0x00344a    program     static _output/main__mios-gpasm-tmp.asm
               _00187_DS_   0x0034c4    program     static _output/main__mios-gpasm-tmp.asm
               _00216_DS_   0x0034f6    program     static _output/main__mios-gpasm-tmp.asm
               _00191_DS_   0x003502    program     static _output/main__mios-gpasm-tmp.asm
               _00218_DS_   0x00350e    program     static _output/main__mios-gpasm-tmp.asm
               _00193_DS_   0x003542    program     static _output/main__mios-gpasm-tmp.asm
               _00195_DS_   0x003568    program     static _output/main__mios-gpasm-tmp.asm
               _00222_DS_   0x00356e    program     static _output/main__mios-gpasm-tmp.asm
               _00196_DS_   0x0035e6    program     static _output/main__mios-gpasm-tmp.asm
               _00224_DS_   0x00360a    program     static _output/main__mios-gpasm-tmp.asm
               _00200_DS_   0x003616    program     static _output/main__mios-gpasm-tmp.asm
               _00226_DS_   0x003622    program     static _output/main__mios-gpasm-tmp.asm
               _00202_DS_   0x00365e    program     static _output/main__mios-gpasm-tmp.asm
               _00204_DS_   0x00368c    program     static _output/main__mios-gpasm-tmp.asm
               _00230_DS_   0x003692    program     static _output/main__mios-gpasm-tmp.asm
               _00205_DS_   0x003702    program     static _output/main__mios-gpasm-tmp.asm
               _00232_DS_   0x00372e    program     static _output/main__mios-gpasm-tmp.asm
               _00209_DS_   0x00373a    program     static _output/main__mios-gpasm-tmp.asm
         _inout_map_build   0x003bac    program     extern _output/main__mios-gpasm-tmp.asm
               _00135_DS_   0x003bf8    program     static _output/main__mios-gpasm-tmp.asm
               _00138_DS_   0x003c22    program     static _output/main__mios-gpasm-tmp.asm
               _00147_DS_   0x003c24    program     static _output/main__mios-gpasm-tmp.asm
               _00143_DS_   0x003c30    program     static _output/main__mios-gpasm-tmp.asm
               _00139_DS_   0x003c48    program     static _output/main__mios-gpasm-tmp.asm
               _00141_DS_   0x003cf0    program     static _output/main__mios-gpasm-tmp.asm
               _00176_DS_   0x003cf8    program     static _output/main__mios-gpasm-tmp.asm
               _00149_DS_   0x003d04    program     static _output/main__mios-gpasm-tmp.asm
               _00174_DS_   0x003d08    program     static _output/main__mios-gpasm-tmp.asm
               _00155_DS_   0x003d14    program     static _output/main__mios-gpasm-tmp.asm
               _00151_DS_   0x003d3a    program     static _output/main__mios-gpasm-tmp.asm
               _00153_DS_   0x003da4    program     static _output/main__mios-gpasm-tmp.asm
               _00154_DS_   0x003dac    program     static _output/main__mios-gpasm-tmp.asm
               _00159_DS_   0x003de6    program     static _output/main__mios-gpasm-tmp.asm
             _preset_init   0x004088    program     extern _output/main__mios-gpasm-tmp.asm
               _00117_DS_   0x0040e4    program     static _output/main__mios-gpasm-tmp.asm
               _00123_DS_   0x004116    program     static _output/main__mios-gpasm-tmp.asm
               _00124_DS_   0x004140    program     static _output/main__mios-gpasm-tmp.asm
               _00125_DS_   0x004176    program     static _output/main__mios-gpasm-tmp.asm
               _00126_DS_   0x00417a    program     static _output/main__mios-gpasm-tmp.asm
               _00121_DS_   0x0041c0    program     static _output/main__mios-gpasm-tmp.asm
            _preset_store   0x00459c    program     extern _output/main__mios-gpasm-tmp.asm
             _preset_load   0x004610    program     extern _output/main__mios-gpasm-tmp.asm
                    _Init   0x00476e    program     extern _output/main__mios-gpasm-tmp.asm
          _int_bit_ormask   0x004876    program     extern _output/main__mios-gpasm-tmp.asm
                   _cinit   0x004a72    program     extern  
 
