gplink-0.13.4 alpha
Map File - Created 9-16-2008  06:43:12
 
                                 Section Info
                  Section       Type    Address   Location Size(Bytes)
                ---------  ---------  ---------  ---------  ---------
                .org_1800       code   0x003000    program   0x000080
                .org_1840       code   0x003080    program   0x000200
                .org_1940       code   0x003280    program   0x000080
 S_main__DIN_NotifyToggle       code   0x003300    program   0x0005e2
      S_main__load_preset       code   0x0038e2    program   0x000242
      S_main__screen_init       code   0x003b24    program   0x0001f0
      S_main__preset_init       code   0x003d14    program   0x00011e
        MIOS_WRAPPER_CODE       code   0x003e32    program   0x00010c
S_main__MPROC_NotifyReceivedEvnt       code   0x003f3e    program   0x0000da
S_main__MPROC_NotifyReceivedByte       code   0x004018    program   0x0000c2
     S_main__store_preset       code   0x0040da    program   0x00006a
            S_main__Timer       code   0x004144    program   0x000068
   .MIOS_LCD_PrintCString       code   0x0041ac    program   0x000044
             S_main__Init       code   0x0041f0    program   0x000044
.MIOS_HLP_16bitAddSaturate       code   0x004234    program   0x000040
                    .code       code   0x004274    program   0x000020
         .MIOS_FLASH_Read       code   0x004294    program   0x00001a
        .MIOS_FLASH_Write       code   0x0042ae    program   0x00001a
.MIOS_BANKSTICK_WritePage       code   0x0042c8    program   0x000016
 .MIOS_BANKSTICK_ReadPage       code   0x0042de    program   0x000016
.MIOS_LCD_PrintPreconfString       code   0x0042f4    program   0x000014
    .MIOS_LCD_YAddressSet       code   0x004308    program   0x000014
.MIOS_CLCD_SpecialCharInit       code   0x00431c    program   0x000014
   .MIOS_LCD_PrintMessage       code   0x004330    program   0x000012
    .MIOS_LCD_PrintString       code   0x004342    program   0x000012
.MIOS_CLCD_SpecialCharsInit       code   0x004354    program   0x000012
      .MIOS_GLCD_FontInit       code   0x004366    program   0x000012
    .MIOS_EEPROM_ReadPage       code   0x004378    program   0x000012
   .MIOS_EEPROM_WritePage       code   0x00438a    program   0x000012
       .MIOS_MF_FaderMove       code   0x00439c    program   0x000010
       .MIOS_ENC_SpeedSet       code   0x0043ac    program   0x000010
        .MIOS_LCD_TypeSet       code   0x0043bc    program   0x000010
    .MIOS_BANKSTICK_Write       code   0x0043cc    program   0x000010
         .MIOS_TIMER_Init       code   0x0043dc    program   0x000010
       .MIOS_TIMER_ReInit       code   0x0043ec    program   0x000010
     .MIOS_BANKSTICK_Read       code   0x0043fc    program   0x00000e
                  APP_LCD       code   0x00440a    program   0x00000e
 S_main__AIN_NotifyChange       code   0x004418    program   0x00000e
 S_main__ENC_NotifyChange       code   0x004426    program   0x00000e
S_main__MPROC_NotifyFoundEvent       code   0x004434    program   0x00000e
                   .cinit       code   0x004442    program   0x00000e
        .MIOS_DOUT_PinSet       code   0x004450    program   0x00000c
         .MIOS_DOUT_SRSet       code   0x00445c    program   0x00000c
     .MIOS_ENC_Abs7bitAdd       code   0x004468    program   0x00000c
     .MIOS_ENC_Abs7bitSet       code   0x004474    program   0x00000c
       .MIOS_ENC_SpeedGet       code   0x004480    program   0x00000c
      .MIOS_LCD_PrintBCD4       code   0x00448c    program   0x00000c
      .MIOS_LCD_PrintBCD5       code   0x004498    program   0x00000c
    .MIOS_GLCD_GCursorSet       code   0x0044a4    program   0x00000c
       .MIOS_EEPROM_Write       code   0x0044b0    program   0x00000c
        .MIOS_HLP_Dec2BCD       code   0x0044bc    program   0x00000c
         .MIOS_AIN_PinGet       code   0x0044c8    program   0x00000a
        .MIOS_EEPROM_Read       code   0x0044d2    program   0x000006
                 .idata_i       code   0x0044d8    program   0x000006
    .MIOS_LCD_YAddressGet       code   0x0044de    program   0x000004
S_main__SR_Service_Finish       code   0x0044e2    program   0x000002
S_main__SR_Service_Prepare       code   0x0044e4    program   0x000002
S_main__MPROC_NotifyTimeout       code   0x0044e6    program   0x000002
             S_main__Tick       code   0x0044e8    program   0x000002
     S_main__DISPLAY_Tick       code   0x0044ea    program   0x000002
     S_main__DISPLAY_Init       code   0x0044ec    program   0x000002
                   .idata      idata   0x0000c0       data   0x000005
           MIOS_VARIABLES      udata   00000000       data   0x000010
               .registers      udata   0x000010       data   0x000016
             udata_main_0      udata   0x000080       data   0x000040
             udata_main_1      udata   0x000100       data   0x000100
 
                              Program Memory Usage
                               Start         End
                           ---------   ---------
                            0x003000    0x00307f
                            0x003080    0x00327f
                            0x003280    0x0032ff
                            0x003e32    0x003f3d
                            0x0044c8    0x0044d1
                            0x00439c    0x0043ab
                            0x004450    0x00445b
                            0x00445c    0x004467
                            0x004468    0x004473
                            0x004474    0x00447f
                            0x004480    0x00448b
                            0x0043ac    0x0043bb
                            0x00448c    0x004497
                            0x004498    0x0044a3
                            0x004330    0x004341
                            0x0042f4    0x004307
                            0x004342    0x004353
                            0x0043bc    0x0043cb
                            0x0044de    0x0044e1
                            0x004308    0x00431b
                            0x00431c    0x00432f
                            0x004354    0x004365
                            0x004366    0x004377
                            0x0044a4    0x0044af
                            0x0044d2    0x0044d7
                            0x0044b0    0x0044bb
                            0x004378    0x004389
                            0x00438a    0x00439b
                            0x004294    0x0042ad
                            0x0042ae    0x0042c7
                            0x0043fc    0x004409
                            0x0043cc    0x0043db
                            0x0042c8    0x0042dd
                            0x0042de    0x0042f3
                            0x0043dc    0x0043eb
                            0x0043ec    0x0043fb
                            0x004234    0x004273
                            0x0044bc    0x0044c7
                            0x0041ac    0x0041ef
                            0x00440a    0x004417
                            0x0044d8    0x0044dd
                            0x004418    0x004425
                            0x004426    0x004433
                            0x0044e2    0x0044e3
                            0x0044e4    0x0044e5
                            0x0044e6    0x0044e7
                            0x004434    0x004441
                            0x0044e8    0x0044e9
                            0x0044ea    0x0044eb
                            0x0044ec    0x0044ed
                            0x003300    0x0038e1
                            0x003f3e    0x004017
                            0x004018    0x0040d9
                            0x004144    0x0041ab
                            0x0041f0    0x004233
                            0x003d14    0x003e31
                            0x003b24    0x003d13
                            0x0038e2    0x003b23
                            0x0040da    0x004143
                            0x004274    0x004293
                            0x004442    0x00444f
 
                            2679 program addresses used
 
                              Symbols
                     Name    Address   Location    Storage File
                ---------  ---------  ---------  --------- ---------
               _User_Init   0x003000    program     static /data_int/mios/trunk/include/asm/user_vectors.inc
               _USER_Tick   0x003004    program     static /data_int/mios/trunk/include/asm/user_vectors.inc
              _USER_Timer   0x003008    program     static /data_int/mios/trunk/include/asm/user_vectors.inc
 _USER_MPROC_DebugTrigger   0x00300c    program     static /data_int/mios/trunk/include/asm/user_vectors.inc
       _USER_DISPLAY_Init   0x003010    program     static /data_int/mios/trunk/include/asm/user_vectors.inc
       _USER_DISPLAY_Tick   0x003014    program     static /data_int/mios/trunk/include/asm/user_vectors.inc
 _USER_SR_Service_Prepare   0x003018    program     static /data_int/mios/trunk/include/asm/user_vectors.inc
  _USER_SR_Service_Finish   0x00301c    program     static /data_int/mios/trunk/include/asm/user_vectors.inc
   _USER_DIN_NotifyToggle   0x003020    program     static /data_int/mios/trunk/include/asm/user_vectors.inc
   _USER_ENC_NotifyChange   0x003024    program     static /data_int/mios/trunk/include/asm/user_vectors.inc
   _USER_AIN_NotifyChange   0x003028    program     static /data_int/mios/trunk/include/asm/user_vectors.inc
_USER_MPROC_NotifyReceivedByte   0x00302c    program     static /data_int/mios/trunk/include/asm/user_vectors.inc
_USER_MPROC_NotifyTimeout   0x003030    program     static /data_int/mios/trunk/include/asm/user_vectors.inc
_USER_MPROC_NotifyReceivedEvent   0x003034    program     static /data_int/mios/trunk/include/asm/user_vectors.inc
_USER_MPROC_NotifyFoundEvent   0x003038    program     static /data_int/mios/trunk/include/asm/user_vectors.inc
           _USER_LCD_Init   0x00303c    program     static /data_int/mios/trunk/include/asm/user_vectors.inc
          _USER_LCD_Clear   0x003040    program     static /data_int/mios/trunk/include/asm/user_vectors.inc
      _USER_LCD_CursorSet   0x003044    program     static /data_int/mios/trunk/include/asm/user_vectors.inc
      _USER_LCD_PrintChar   0x003048    program     static /data_int/mios/trunk/include/asm/user_vectors.inc
      _USER_MIDI_NotifyRx   0x00304c    program     static /data_int/mios/trunk/include/asm/user_vectors.inc
      _USER_MIDI_NotifyTx   0x003050    program     static /data_int/mios/trunk/include/asm/user_vectors.inc
           _USER_LCD_Data   0x003054    program     static /data_int/mios/trunk/include/asm/user_vectors.inc
            _USER_LCD_Cmd   0x003058    program     static /data_int/mios/trunk/include/asm/user_vectors.inc
_USER_LCD_SpecialCharInit   0x00305c    program     static /data_int/mios/trunk/include/asm/user_vectors.inc
         USER_RESERVED_25   0x003060    program     static /data_int/mios/trunk/include/asm/user_vectors.inc
         USER_RESERVED_26   0x003064    program     static /data_int/mios/trunk/include/asm/user_vectors.inc
         USER_RESERVED_27   0x003068    program     static /data_int/mios/trunk/include/asm/user_vectors.inc
         USER_RESERVED_28   0x00306c    program     static /data_int/mios/trunk/include/asm/user_vectors.inc
         USER_RESERVED_29   0x003070    program     static /data_int/mios/trunk/include/asm/user_vectors.inc
         USER_RESERVED_30   0x003074    program     static /data_int/mios/trunk/include/asm/user_vectors.inc
         USER_RESERVED_31   0x003078    program     static /data_int/mios/trunk/include/asm/user_vectors.inc
         USER_RESERVED_32   0x00307c    program     static /data_int/mios/trunk/include/asm/user_vectors.inc
  _MIOS_MPROC_EVENT_TABLE   0x003080    program     static /data_int/mios/trunk/include/asm/mios_mt_table.inc
   MIOS_MPROC_EVENT_TABLE   0x003080    program     static /data_int/mios/trunk/include/asm/mios_mt_table.inc
      _MIOS_ENC_PIN_TABLE   0x003280    program     static /data_int/mios/trunk/include/asm/mios_enc_table.inc
       MIOS_ENC_PIN_TABLE   0x003280    program     static /data_int/mios/trunk/include/asm/mios_enc_table.inc
           _MIOS_BOX_CFG0   00000000       data     extern /data_int/mios/trunk/modules/mios_wrapper/mios_wrapper.asm
           _MIOS_BOX_CFG1   0x000001       data     extern /data_int/mios/trunk/modules/mios_wrapper/mios_wrapper.asm
           _MIOS_BOX_STAT   0x000002       data     extern /data_int/mios/trunk/modules/mios_wrapper/mios_wrapper.asm
         _MIOS_PARAMETER1   0x000003       data     extern /data_int/mios/trunk/modules/mios_wrapper/mios_wrapper.asm
         _MIOS_PARAMETER2   0x000004       data     extern /data_int/mios/trunk/modules/mios_wrapper/mios_wrapper.asm
         _MIOS_PARAMETER3   0x000005       data     extern /data_int/mios/trunk/modules/mios_wrapper/mios_wrapper.asm
                    _TMP1   0x000006       data     static /data_int/mios/trunk/modules/mios_wrapper/mios_wrapper.asm
                    _TMP2   0x000007       data     static /data_int/mios/trunk/modules/mios_wrapper/mios_wrapper.asm
                    _TMP3   0x000008       data     static /data_int/mios/trunk/modules/mios_wrapper/mios_wrapper.asm
                    _TMP4   0x000009       data     static /data_int/mios/trunk/modules/mios_wrapper/mios_wrapper.asm
                    _TMP5   0x00000a       data     static /data_int/mios/trunk/modules/mios_wrapper/mios_wrapper.asm
                _IRQ_TMP1   0x00000b       data     static /data_int/mios/trunk/modules/mios_wrapper/mios_wrapper.asm
                _IRQ_TMP2   0x00000c       data     static /data_int/mios/trunk/modules/mios_wrapper/mios_wrapper.asm
                _IRQ_TMP3   0x00000d       data     static /data_int/mios/trunk/modules/mios_wrapper/mios_wrapper.asm
                _IRQ_TMP4   0x00000e       data     static /data_int/mios/trunk/modules/mios_wrapper/mios_wrapper.asm
                _IRQ_TMP5   0x00000f       data     static /data_int/mios/trunk/modules/mios_wrapper/mios_wrapper.asm
                USER_Init   0x003e32    program     static /data_int/mios/trunk/modules/mios_wrapper/mios_wrapper.asm
                USER_Tick   0x003e3e    program     static /data_int/mios/trunk/modules/mios_wrapper/mios_wrapper.asm
               USER_Timer   0x003e4a    program     static /data_int/mios/trunk/modules/mios_wrapper/mios_wrapper.asm
  USER_MPROC_DebugTrigger   0x003e68    program     static /data_int/mios/trunk/modules/mios_wrapper/mios_wrapper.asm
        USER_DISPLAY_Init   0x003e6a    program     static /data_int/mios/trunk/modules/mios_wrapper/mios_wrapper.asm
        USER_DISPLAY_Tick   0x003e76    program     static /data_int/mios/trunk/modules/mios_wrapper/mios_wrapper.asm
USER_MPROC_NotifyReceivedEvent   0x003e82    program     static /data_int/mios/trunk/modules/mios_wrapper/mios_wrapper.asm
USER_MPROC_NotifyFoundEvent   0x003e98    program     static /data_int/mios/trunk/modules/mios_wrapper/mios_wrapper.asm
 USER_MPROC_NotifyTimeout   0x003eb2    program     static /data_int/mios/trunk/modules/mios_wrapper/mios_wrapper.asm
USER_MPROC_NotifyReceivedByte   0x003ebe    program     static /data_int/mios/trunk/modules/mios_wrapper/mios_wrapper.asm
       USER_MIDI_NotifyTx   0x003eca    program     static /data_int/mios/trunk/modules/mios_wrapper/mios_wrapper.asm
       USER_MIDI_NotifyRx   0x003ecc    program     static /data_int/mios/trunk/modules/mios_wrapper/mios_wrapper.asm
    USER_DIN_NotifyToggle   0x003ece    program     static /data_int/mios/trunk/modules/mios_wrapper/mios_wrapper.asm
    USER_ENC_NotifyChange   0x003ede    program     static /data_int/mios/trunk/modules/mios_wrapper/mios_wrapper.asm
  USER_SR_Service_Prepare   0x003eee    program     static /data_int/mios/trunk/modules/mios_wrapper/mios_wrapper.asm
   USER_SR_Service_Finish   0x003f0c    program     static /data_int/mios/trunk/modules/mios_wrapper/mios_wrapper.asm
    USER_AIN_NotifyChange   0x003f2a    program     static /data_int/mios/trunk/modules/mios_wrapper/mios_wrapper.asm
   _MIOS_MIDI_BeginStream   0x002c00    program     extern /data_int/mios/trunk/modules/mios_wrapper/mios_wrapper.asm
_MIOS_MIDI_DeviceIDAutoSet   0x002c04    program     extern /data_int/mios/trunk/modules/mios_wrapper/mios_wrapper.asm
   _MIOS_MIDI_DeviceIDGet   0x002c08    program     extern /data_int/mios/trunk/modules/mios_wrapper/mios_wrapper.asm
   _MIOS_MIDI_DeviceIDSet   0x002c0c    program     extern /data_int/mios/trunk/modules/mios_wrapper/mios_wrapper.asm
     _MIOS_MIDI_EndStream   0x002c10    program     extern /data_int/mios/trunk/modules/mios_wrapper/mios_wrapper.asm
          _MIOS_MIDI_Init   0x002c14    program     extern /data_int/mios/trunk/modules/mios_wrapper/mios_wrapper.asm
_MIOS_MIDI_InterfaceAutoSet   0x002c18    program     extern /data_int/mios/trunk/modules/mios_wrapper/mios_wrapper.asm
  _MIOS_MIDI_InterfaceGet   0x002c1c    program     extern /data_int/mios/trunk/modules/mios_wrapper/mios_wrapper.asm
  _MIOS_MIDI_InterfaceSet   0x002c20    program     extern /data_int/mios/trunk/modules/mios_wrapper/mios_wrapper.asm
     _MIOS_MIDI_MergerGet   0x002c24    program     extern /data_int/mios/trunk/modules/mios_wrapper/mios_wrapper.asm
     _MIOS_MIDI_MergerSet   0x002c28    program     extern /data_int/mios/trunk/modules/mios_wrapper/mios_wrapper.asm
  _MIOS_MIDI_RxBufferFree   0x002c2c    program     extern /data_int/mios/trunk/modules/mios_wrapper/mios_wrapper.asm
   _MIOS_MIDI_RxBufferGet   0x002c30    program     extern /data_int/mios/trunk/modules/mios_wrapper/mios_wrapper.asm
   _MIOS_MIDI_RxBufferPut   0x002c34    program     extern /data_int/mios/trunk/modules/mios_wrapper/mios_wrapper.asm
  _MIOS_MIDI_RxBufferUsed   0x002c38    program     extern /data_int/mios/trunk/modules/mios_wrapper/mios_wrapper.asm
 _MIOS_MIDI_TxBufferFlush   0x002c3c    program     extern /data_int/mios/trunk/modules/mios_wrapper/mios_wrapper.asm
  _MIOS_MIDI_TxBufferFree   0x002c40    program     extern /data_int/mios/trunk/modules/mios_wrapper/mios_wrapper.asm
   _MIOS_MIDI_TxBufferGet   0x002c44    program     extern /data_int/mios/trunk/modules/mios_wrapper/mios_wrapper.asm
   _MIOS_MIDI_TxBufferPut   0x002c48    program     extern /data_int/mios/trunk/modules/mios_wrapper/mios_wrapper.asm
  _MIOS_MIDI_TxBufferUsed   0x002c4c    program     extern /data_int/mios/trunk/modules/mios_wrapper/mios_wrapper.asm
_MIOS_MPROC_MergerDisable   0x002c50    program     extern /data_int/mios/trunk/modules/mios_wrapper/mios_wrapper.asm
 _MIOS_MPROC_MergerEnable   0x002c54    program     extern /data_int/mios/trunk/modules/mios_wrapper/mios_wrapper.asm
    _MIOS_MPROC_MergerGet   0x002c58    program     extern /data_int/mios/trunk/modules/mios_wrapper/mios_wrapper.asm
    _MIOS_AIN_DeadbandGet   0x002c5c    program     extern /data_int/mios/trunk/modules/mios_wrapper/mios_wrapper.asm
    _MIOS_AIN_DeadbandSet   0x002c60    program     extern /data_int/mios/trunk/modules/mios_wrapper/mios_wrapper.asm
          _MIOS_AIN_Muxed   0x002c64    program     extern /data_int/mios/trunk/modules/mios_wrapper/mios_wrapper.asm
      _MIOS_AIN_NumberGet   0x002c68    program     extern /data_int/mios/trunk/modules/mios_wrapper/mios_wrapper.asm
      _MIOS_AIN_NumberSet   0x002c6c    program     extern /data_int/mios/trunk/modules/mios_wrapper/mios_wrapper.asm
     _MIOS_AIN_Pin7bitGet   0x002c70    program     extern /data_int/mios/trunk/modules/mios_wrapper/mios_wrapper.asm
         _MIOS_AIN_PinGet   0x0044c8    program     extern /data_int/mios/trunk/modules/mios_wrapper/mios_wrapper.asm
      _MIOS_AIN_PinLSBGet   0x002c78    program     extern /data_int/mios/trunk/modules/mios_wrapper/mios_wrapper.asm
      _MIOS_AIN_PinMSBGet   0x002c7c    program     extern /data_int/mios/trunk/modules/mios_wrapper/mios_wrapper.asm
        _MIOS_AIN_UnMuxed   0x002c80    program     extern /data_int/mios/trunk/modules/mios_wrapper/mios_wrapper.asm
_MIOS_MF_PWM_DutyCycleDownGet   0x002c84    program     extern /data_int/mios/trunk/modules/mios_wrapper/mios_wrapper.asm
_MIOS_MF_PWM_DutyCycleDownSet   0x002c88    program     extern /data_int/mios/trunk/modules/mios_wrapper/mios_wrapper.asm
_MIOS_MF_PWM_DutyCycleUpGet   0x002c8c    program     extern /data_int/mios/trunk/modules/mios_wrapper/mios_wrapper.asm
_MIOS_MF_PWM_DutyCycleUpSet   0x002c90    program     extern /data_int/mios/trunk/modules/mios_wrapper/mios_wrapper.asm
     _MIOS_MF_DeadbandGet   0x002c94    program     extern /data_int/mios/trunk/modules/mios_wrapper/mios_wrapper.asm
     _MIOS_MF_DeadbandSet   0x002c98    program     extern /data_int/mios/trunk/modules/mios_wrapper/mios_wrapper.asm
         _MIOS_MF_Disable   0x002c9c    program     extern /data_int/mios/trunk/modules/mios_wrapper/mios_wrapper.asm
          _MIOS_MF_Enable   0x002ca0    program     extern /data_int/mios/trunk/modules/mios_wrapper/mios_wrapper.asm
       _MIOS_MF_FaderMove   0x00439c    program     extern /data_int/mios/trunk/modules/mios_wrapper/mios_wrapper.asm
  _MIOS_MF_SuspendDisable   0x002ca8    program     extern /data_int/mios/trunk/modules/mios_wrapper/mios_wrapper.asm
   _MIOS_MF_SuspendEnable   0x002cac    program     extern /data_int/mios/trunk/modules/mios_wrapper/mios_wrapper.asm
      _MIOS_MF_SuspendGet   0x002cb0    program     extern /data_int/mios/trunk/modules/mios_wrapper/mios_wrapper.asm
   _MIOS_MF_PWM_PeriodGet   0x002dfc    program     extern /data_int/mios/trunk/modules/mios_wrapper/mios_wrapper.asm
   _MIOS_MF_PWM_PeriodSet   0x002e00    program     extern /data_int/mios/trunk/modules/mios_wrapper/mios_wrapper.asm
_MIOS_MF_TouchDetectionReset   0x002e2c    program     extern /data_int/mios/trunk/modules/mios_wrapper/mios_wrapper.asm
         _MIOS_DIN_PinGet   0x002cb4    program     extern /data_int/mios/trunk/modules/mios_wrapper/mios_wrapper.asm
          _MIOS_DIN_SRGet   0x002cb8    program     extern /data_int/mios/trunk/modules/mios_wrapper/mios_wrapper.asm
        _MIOS_DOUT_PinGet   0x002cbc    program     extern /data_int/mios/trunk/modules/mios_wrapper/mios_wrapper.asm
        _MIOS_DOUT_PinSet   0x004450    program     extern /data_int/mios/trunk/modules/mios_wrapper/mios_wrapper.asm
       _MIOS_DOUT_PinSet0   0x002cc4    program     extern /data_int/mios/trunk/modules/mios_wrapper/mios_wrapper.asm
       _MIOS_DOUT_PinSet1   0x002cc8    program     extern /data_int/mios/trunk/modules/mios_wrapper/mios_wrapper.asm
         _MIOS_DOUT_SRGet   0x002ccc    program     extern /data_int/mios/trunk/modules/mios_wrapper/mios_wrapper.asm
         _MIOS_DOUT_SRSet   0x00445c    program     extern /data_int/mios/trunk/modules/mios_wrapper/mios_wrapper.asm
     _MIOS_ENC_Abs7bitAdd   0x004468    program     extern /data_int/mios/trunk/modules/mios_wrapper/mios_wrapper.asm
     _MIOS_ENC_Abs7bitGet   0x002cd8    program     extern /data_int/mios/trunk/modules/mios_wrapper/mios_wrapper.asm
     _MIOS_ENC_Abs7bitSet   0x004474    program     extern /data_int/mios/trunk/modules/mios_wrapper/mios_wrapper.asm
      _MIOS_ENC_NumberGet   0x002ce0    program     extern /data_int/mios/trunk/modules/mios_wrapper/mios_wrapper.asm
       _MIOS_ENC_SpeedGet   0x004480    program     extern /data_int/mios/trunk/modules/mios_wrapper/mios_wrapper.asm
       _MIOS_ENC_SpeedSet   0x0043ac    program     extern /data_int/mios/trunk/modules/mios_wrapper/mios_wrapper.asm
     _MIOS_SRIO_NumberGet   0x002cec    program     extern /data_int/mios/trunk/modules/mios_wrapper/mios_wrapper.asm
     _MIOS_SRIO_NumberSet   0x002cf0    program     extern /data_int/mios/trunk/modules/mios_wrapper/mios_wrapper.asm
_MIOS_SRIO_TS_SensitivityGet   0x002cf4    program     extern /data_int/mios/trunk/modules/mios_wrapper/mios_wrapper.asm
_MIOS_SRIO_TS_SensitivitySet   0x002cf8    program     extern /data_int/mios/trunk/modules/mios_wrapper/mios_wrapper.asm
  _MIOS_SRIO_UpdateFrqGet   0x002cfc    program     extern /data_int/mios/trunk/modules/mios_wrapper/mios_wrapper.asm
  _MIOS_SRIO_UpdateFrqSet   0x002d00    program     extern /data_int/mios/trunk/modules/mios_wrapper/mios_wrapper.asm
   _MIOS_SRIO_DebounceGet   0x002e28    program     extern /data_int/mios/trunk/modules/mios_wrapper/mios_wrapper.asm
   _MIOS_SRIO_DebounceSet   0x002e24    program     extern /data_int/mios/trunk/modules/mios_wrapper/mios_wrapper.asm
          _MIOS_LCD_Clear   0x002d04    program     extern /data_int/mios/trunk/modules/mios_wrapper/mios_wrapper.asm
            _MIOS_LCD_Cmd   0x002d08    program     extern /data_int/mios/trunk/modules/mios_wrapper/mios_wrapper.asm
      _MIOS_LCD_CursorGet   0x002d0c    program     extern /data_int/mios/trunk/modules/mios_wrapper/mios_wrapper.asm
      _MIOS_LCD_CursorSet   0x002d10    program     extern /data_int/mios/trunk/modules/mios_wrapper/mios_wrapper.asm
           _MIOS_LCD_Data   0x002d14    program     extern /data_int/mios/trunk/modules/mios_wrapper/mios_wrapper.asm
           _MIOS_LCD_Init   0x002d18    program     extern /data_int/mios/trunk/modules/mios_wrapper/mios_wrapper.asm
      _MIOS_LCD_PrintBCD1   0x002d1c    program     extern /data_int/mios/trunk/modules/mios_wrapper/mios_wrapper.asm
      _MIOS_LCD_PrintBCD2   0x002d20    program     extern /data_int/mios/trunk/modules/mios_wrapper/mios_wrapper.asm
      _MIOS_LCD_PrintBCD3   0x002d24    program     extern /data_int/mios/trunk/modules/mios_wrapper/mios_wrapper.asm
      _MIOS_LCD_PrintBCD4   0x00448c    program     extern /data_int/mios/trunk/modules/mios_wrapper/mios_wrapper.asm
      _MIOS_LCD_PrintBCD5   0x004498    program     extern /data_int/mios/trunk/modules/mios_wrapper/mios_wrapper.asm
      _MIOS_LCD_PrintChar   0x002d28    program     extern /data_int/mios/trunk/modules/mios_wrapper/mios_wrapper.asm
      _MIOS_LCD_PrintHex1   0x002d2c    program     extern /data_int/mios/trunk/modules/mios_wrapper/mios_wrapper.asm
      _MIOS_LCD_PrintHex2   0x002d30    program     extern /data_int/mios/trunk/modules/mios_wrapper/mios_wrapper.asm
   _MIOS_LCD_PrintMessage   0x004330    program     extern /data_int/mios/trunk/modules/mios_wrapper/mios_wrapper.asm
_MIOS_LCD_PrintPreconfString   0x0042f4    program     extern /data_int/mios/trunk/modules/mios_wrapper/mios_wrapper.asm
    _MIOS_LCD_PrintString   0x004342    program     extern /data_int/mios/trunk/modules/mios_wrapper/mios_wrapper.asm
    _MIOS_LCD_TypeAutoSet   0x002d40    program     extern /data_int/mios/trunk/modules/mios_wrapper/mios_wrapper.asm
        _MIOS_LCD_TypeGet   0x002d44    program     extern /data_int/mios/trunk/modules/mios_wrapper/mios_wrapper.asm
        _MIOS_LCD_TypeSet   0x0043bc    program     extern /data_int/mios/trunk/modules/mios_wrapper/mios_wrapper.asm
    _MIOS_LCD_YAddressGet   0x0044de    program     extern /data_int/mios/trunk/modules/mios_wrapper/mios_wrapper.asm
    _MIOS_LCD_YAddressSet   0x004308    program     extern /data_int/mios/trunk/modules/mios_wrapper/mios_wrapper.asm
   _MIOS_LCD_MessageStart   0x002df4    program     extern /data_int/mios/trunk/modules/mios_wrapper/mios_wrapper.asm
    _MIOS_LCD_MessageStop   0x002df8    program     extern /data_int/mios/trunk/modules/mios_wrapper/mios_wrapper.asm
_MIOS_CLCD_SpecialCharInit   0x00431c    program     extern /data_int/mios/trunk/modules/mios_wrapper/mios_wrapper.asm
_MIOS_CLCD_SpecialCharsInit   0x004354    program     extern /data_int/mios/trunk/modules/mios_wrapper/mios_wrapper.asm
      _MIOS_GLCD_FontInit   0x004366    program     extern /data_int/mios/trunk/modules/mios_wrapper/mios_wrapper.asm
    _MIOS_GLCD_GCursorGet   0x002d58    program     extern /data_int/mios/trunk/modules/mios_wrapper/mios_wrapper.asm
    _MIOS_GLCD_GCursorSet   0x0044a4    program     extern /data_int/mios/trunk/modules/mios_wrapper/mios_wrapper.asm
        _MIOS_EEPROM_Read   0x0044d2    program     extern /data_int/mios/trunk/modules/mios_wrapper/mios_wrapper.asm
       _MIOS_EEPROM_Write   0x0044b0    program     extern /data_int/mios/trunk/modules/mios_wrapper/mios_wrapper.asm
    _MIOS_EEPROM_ReadPage   0x004378    program     extern /data_int/mios/trunk/modules/mios_wrapper/mios_wrapper.asm
   _MIOS_EEPROM_WritePage   0x00438a    program     extern /data_int/mios/trunk/modules/mios_wrapper/mios_wrapper.asm
         _MIOS_FLASH_Read   0x004294    program     extern /data_int/mios/trunk/modules/mios_wrapper/mios_wrapper.asm
        _MIOS_FLASH_Write   0x0042ae    program     extern /data_int/mios/trunk/modules/mios_wrapper/mios_wrapper.asm
     _MIOS_BANKSTICK_Read   0x0043fc    program     extern /data_int/mios/trunk/modules/mios_wrapper/mios_wrapper.asm
    _MIOS_BANKSTICK_Write   0x0043cc    program     extern /data_int/mios/trunk/modules/mios_wrapper/mios_wrapper.asm
  _MIOS_BANKSTICK_CtrlSet   0x002ddc    program     extern /data_int/mios/trunk/modules/mios_wrapper/mios_wrapper.asm
  _MIOS_BANKSTICK_CtrlGet   0x002de0    program     extern /data_int/mios/trunk/modules/mios_wrapper/mios_wrapper.asm
_MIOS_BANKSTICK_WritePage   0x0042c8    program     extern /data_int/mios/trunk/modules/mios_wrapper/mios_wrapper.asm
 _MIOS_BANKSTICK_ReadPage   0x0042de    program     extern /data_int/mios/trunk/modules/mios_wrapper/mios_wrapper.asm
         _MIOS_TIMER_Init   0x0043dc    program     extern /data_int/mios/trunk/modules/mios_wrapper/mios_wrapper.asm
        _MIOS_TIMER_Start   0x002d7c    program     extern /data_int/mios/trunk/modules/mios_wrapper/mios_wrapper.asm
         _MIOS_TIMER_Stop   0x002d80    program     extern /data_int/mios/trunk/modules/mios_wrapper/mios_wrapper.asm
       _MIOS_TIMER_ReInit   0x0043ec    program     extern /data_int/mios/trunk/modules/mios_wrapper/mios_wrapper.asm
  _MIOS_HLP_GetBitANDMask   0x002d88    program     extern /data_int/mios/trunk/modules/mios_wrapper/mios_wrapper.asm
   _MIOS_HLP_GetBitORMask   0x002d8c    program     extern /data_int/mios/trunk/modules/mios_wrapper/mios_wrapper.asm
_MIOS_HLP_16bitAddSaturate   0x004234    program     extern /data_int/mios/trunk/modules/mios_wrapper/mios_wrapper.asm
        _MIOS_HLP_Dec2BCD   0x0044bc    program     extern /data_int/mios/trunk/modules/mios_wrapper/mios_wrapper.asm
              _MIOS_Delay   0x002d9c    program     extern /data_int/mios/trunk/modules/mios_wrapper/mios_wrapper.asm
       _MIOS_GPCounterGet   0x002da0    program     extern /data_int/mios/trunk/modules/mios_wrapper/mios_wrapper.asm
              _MIOS_Reset   0x002da4    program     extern /data_int/mios/trunk/modules/mios_wrapper/mios_wrapper.asm
       _MIOS_SystemResume   0x002da8    program     extern /data_int/mios/trunk/modules/mios_wrapper/mios_wrapper.asm
      _MIOS_SystemSuspend   0x002dac    program     extern /data_int/mios/trunk/modules/mios_wrapper/mios_wrapper.asm
         _MIOS_UserResume   0x002db0    program     extern /data_int/mios/trunk/modules/mios_wrapper/mios_wrapper.asm
        _MIOS_UserSuspend   0x002db4    program     extern /data_int/mios/trunk/modules/mios_wrapper/mios_wrapper.asm
_MIOS_DIN_PinAutoRepeatEnable   0x002dbc    program     extern /data_int/mios/trunk/modules/mios_wrapper/mios_wrapper.asm
_MIOS_DIN_PinAutoRepeatDisable   0x002dc0    program     extern /data_int/mios/trunk/modules/mios_wrapper/mios_wrapper.asm
_MIOS_DIN_PinAutoRepeatGet   0x002dc4    program     extern /data_int/mios/trunk/modules/mios_wrapper/mios_wrapper.asm
 _MIOS_AIN_DynamicPrioSet   0x002dd0    program     extern /data_int/mios/trunk/modules/mios_wrapper/mios_wrapper.asm
 _MIOS_AIN_DynamicPrioGet   0x002dd4    program     extern /data_int/mios/trunk/modules/mios_wrapper/mios_wrapper.asm
    _MIOS_AIN_LastPinsGet   0x002dd8    program     extern /data_int/mios/trunk/modules/mios_wrapper/mios_wrapper.asm
          _MIOS_IIC_Start   0x002e04    program     extern /data_int/mios/trunk/modules/mios_wrapper/mios_wrapper.asm
           _MIOS_IIC_Stop   0x002e08    program     extern /data_int/mios/trunk/modules/mios_wrapper/mios_wrapper.asm
       _MIOS_IIC_ByteSend   0x002e0c    program     extern /data_int/mios/trunk/modules/mios_wrapper/mios_wrapper.asm
    _MIOS_IIC_ByteReceive   0x002e10    program     extern /data_int/mios/trunk/modules/mios_wrapper/mios_wrapper.asm
        _MIOS_IIC_AckSend   0x002e14    program     extern /data_int/mios/trunk/modules/mios_wrapper/mios_wrapper.asm
        _MIOS_IIC_NakSend   0x002e18    program     extern /data_int/mios/trunk/modules/mios_wrapper/mios_wrapper.asm
        _MIOS_IIC_CtrlSet   0x002e1c    program     extern /data_int/mios/trunk/modules/mios_wrapper/mios_wrapper.asm
        _MIOS_IIC_CtrlGet   0x002e20    program     extern /data_int/mios/trunk/modules/mios_wrapper/mios_wrapper.asm
   _MIOS_LCD_PrintCString   0x0041ac    program     extern /data_int/mios/trunk/modules/mios_wrapper/mios_wrapper.asm
_MIOS_LCD_PrintCString_Code   0x0041bc    program     static /data_int/mios/trunk/modules/mios_wrapper/mios_wrapper.asm
_MIOS_LCD_PrintCStringLoop_Code   0x0041be    program     static /data_int/mios/trunk/modules/mios_wrapper/mios_wrapper.asm
_MIOS_LCD_PrintCString_Code_End   0x0041ca    program     static /data_int/mios/trunk/modules/mios_wrapper/mios_wrapper.asm
_MIOS_LCD_PrintCString_RAM   0x0041cc    program     static /data_int/mios/trunk/modules/mios_wrapper/mios_wrapper.asm
_MIOS_LCD_PrintCStringLoop_RAM   0x0041dc    program     static /data_int/mios/trunk/modules/mios_wrapper/mios_wrapper.asm
_MIOS_LCD_PrintCString_RAM_End   0x0041e6    program     static /data_int/mios/trunk/modules/mios_wrapper/mios_wrapper.asm
            USER_LCD_Init   0x00440a    program     extern /data_int/mios/trunk/modules/app_lcd/dummy/app_lcd.inc
           USER_LCD_Clear   0x00440c    program     extern /data_int/mios/trunk/modules/app_lcd/dummy/app_lcd.inc
       USER_LCD_CursorSet   0x00440e    program     extern /data_int/mios/trunk/modules/app_lcd/dummy/app_lcd.inc
       USER_LCD_PrintChar   0x004410    program     extern /data_int/mios/trunk/modules/app_lcd/dummy/app_lcd.inc
            USER_LCD_Data   0x004412    program     extern /data_int/mios/trunk/modules/app_lcd/dummy/app_lcd.inc
             USER_LCD_Cmd   0x004414    program     extern /data_int/mios/trunk/modules/app_lcd/dummy/app_lcd.inc
 USER_LCD_SpecialCharInit   0x004416    program     extern /data_int/mios/trunk/modules/app_lcd/dummy/app_lcd.inc
      _current_screen_num   0x0000c0       data     extern _output/main__mios-gpasm-tmp.asm
      _current_preset_num   0x0000c1       data     extern _output/main__mios-gpasm-tmp.asm
         _current_bus_num   0x0000c2       data     extern _output/main__mios-gpasm-tmp.asm
       _timer_ticks_count   0x0000c3       data     extern _output/main__mios-gpasm-tmp.asm
_MPROC_NotifyReceivedByte_fx_status_1_1   0x0000c4       data     static _output/main__mios-gpasm-tmp.asm
                    r0x00   0x000010       data     static _output/main__mios-gpasm-tmp.asm
                    r0x01   0x000011       data     static _output/main__mios-gpasm-tmp.asm
                    r0x02   0x000012       data     static _output/main__mios-gpasm-tmp.asm
                    r0x03   0x000013       data     static _output/main__mios-gpasm-tmp.asm
                    r0x04   0x000014       data     static _output/main__mios-gpasm-tmp.asm
                    r0x05   0x000015       data     static _output/main__mios-gpasm-tmp.asm
                    r0x06   0x000016       data     static _output/main__mios-gpasm-tmp.asm
                    r0x07   0x000017       data     static _output/main__mios-gpasm-tmp.asm
                    r0x08   0x000018       data     static _output/main__mios-gpasm-tmp.asm
                    r0x09   0x000019       data     static _output/main__mios-gpasm-tmp.asm
                    r0x0a   0x00001a       data     static _output/main__mios-gpasm-tmp.asm
                    r0x0b   0x00001b       data     static _output/main__mios-gpasm-tmp.asm
                    r0x0c   0x00001c       data     static _output/main__mios-gpasm-tmp.asm
                    r0x0d   0x00001d       data     static _output/main__mios-gpasm-tmp.asm
                    r0x0e   0x00001e       data     static _output/main__mios-gpasm-tmp.asm
                    r0x0f   0x00001f       data     static _output/main__mios-gpasm-tmp.asm
                    r0x10   0x000020       data     static _output/main__mios-gpasm-tmp.asm
                    r0x11   0x000021       data     static _output/main__mios-gpasm-tmp.asm
                    r0x12   0x000022       data     static _output/main__mios-gpasm-tmp.asm
                    r0x13   0x000023       data     static _output/main__mios-gpasm-tmp.asm
                    r0x14   0x000024       data     static _output/main__mios-gpasm-tmp.asm
                    r0x15   0x000025       data     static _output/main__mios-gpasm-tmp.asm
          _current_preset   0x000080       data     extern _output/main__mios-gpasm-tmp.asm
          _midi_inout_map   0x000100       data     extern _output/main__mios-gpasm-tmp.asm
        _AIN_NotifyChange   0x004418    program     extern _output/main__mios-gpasm-tmp.asm
        _ENC_NotifyChange   0x004426    program     extern _output/main__mios-gpasm-tmp.asm
       _SR_Service_Finish   0x0044e2    program     extern _output/main__mios-gpasm-tmp.asm
      _SR_Service_Prepare   0x0044e4    program     extern _output/main__mios-gpasm-tmp.asm
     _MPROC_NotifyTimeout   0x0044e6    program     extern _output/main__mios-gpasm-tmp.asm
  _MPROC_NotifyFoundEvent   0x004434    program     extern _output/main__mios-gpasm-tmp.asm
                    _Tick   0x0044e8    program     extern _output/main__mios-gpasm-tmp.asm
            _DISPLAY_Tick   0x0044ea    program     extern _output/main__mios-gpasm-tmp.asm
            _DISPLAY_Init   0x0044ec    program     extern _output/main__mios-gpasm-tmp.asm
        _DIN_NotifyToggle   0x003300    program     extern _output/main__mios-gpasm-tmp.asm
               _00255_DS_   0x003368    program     static _output/main__mios-gpasm-tmp.asm
               _00327_DS_   0x0033ba    program     static _output/main__mios-gpasm-tmp.asm
               _00256_DS_   0x0033ca    program     static _output/main__mios-gpasm-tmp.asm
               _00257_DS_   0x0033e8    program     static _output/main__mios-gpasm-tmp.asm
               _00258_DS_   0x0033fe    program     static _output/main__mios-gpasm-tmp.asm
               _00328_DS_   0x003472    program     static _output/main__mios-gpasm-tmp.asm
               _00329_DS_   0x003474    program     static _output/main__mios-gpasm-tmp.asm
               _00294_DS_   0x00347a    program     static _output/main__mios-gpasm-tmp.asm
               _00295_DS_   0x003482    program     static _output/main__mios-gpasm-tmp.asm
               _00260_DS_   0x003494    program     static _output/main__mios-gpasm-tmp.asm
               _00296_DS_   0x00350e    program     static _output/main__mios-gpasm-tmp.asm
               _00297_DS_   0x00351a    program     static _output/main__mios-gpasm-tmp.asm
               _00310_DS_   0x00352a    program     static _output/main__mios-gpasm-tmp.asm
               _00280_DS_   0x003544    program     static _output/main__mios-gpasm-tmp.asm
               _00282_DS_   0x0035cc    program     static _output/main__mios-gpasm-tmp.asm
               _00283_DS_   0x0035d4    program     static _output/main__mios-gpasm-tmp.asm
               _00264_DS_   0x0035ea    program     static _output/main__mios-gpasm-tmp.asm
               _00331_DS_   0x00365e    program     static _output/main__mios-gpasm-tmp.asm
               _00332_DS_   0x003660    program     static _output/main__mios-gpasm-tmp.asm
               _00298_DS_   0x003666    program     static _output/main__mios-gpasm-tmp.asm
               _00299_DS_   0x00366e    program     static _output/main__mios-gpasm-tmp.asm
               _00266_DS_   0x003680    program     static _output/main__mios-gpasm-tmp.asm
               _00300_DS_   0x0036f8    program     static _output/main__mios-gpasm-tmp.asm
               _00301_DS_   0x003704    program     static _output/main__mios-gpasm-tmp.asm
               _00319_DS_   0x003714    program     static _output/main__mios-gpasm-tmp.asm
               _00288_DS_   0x003720    program     static _output/main__mios-gpasm-tmp.asm
               _00284_DS_   0x0037ac    program     static _output/main__mios-gpasm-tmp.asm
               _00286_DS_   0x003816    program     static _output/main__mios-gpasm-tmp.asm
               _00287_DS_   0x00381e    program     static _output/main__mios-gpasm-tmp.asm
               _00290_DS_   0x003840    program     static _output/main__mios-gpasm-tmp.asm
               _00278_DS_   0x003858    program     static _output/main__mios-gpasm-tmp.asm
               _00279_DS_   0x00388c    program     static _output/main__mios-gpasm-tmp.asm
               _00292_DS_   0x003890    program     static _output/main__mios-gpasm-tmp.asm
_MPROC_NotifyReceivedEvnt   0x003f3e    program     extern _output/main__mios-gpasm-tmp.asm
               _00233_DS_   0x003f8e    program     static _output/main__mios-gpasm-tmp.asm
               _00234_DS_   0x003f92    program     static _output/main__mios-gpasm-tmp.asm
               _00226_DS_   0x003fa0    program     static _output/main__mios-gpasm-tmp.asm
               _00228_DS_   0x003fee    program     static _output/main__mios-gpasm-tmp.asm
               _00230_DS_   0x003ff2    program     static _output/main__mios-gpasm-tmp.asm
_MPROC_NotifyReceivedByte   0x004018    program     extern _output/main__mios-gpasm-tmp.asm
               _00217_DS_   0x004086    program     static _output/main__mios-gpasm-tmp.asm
               _00195_DS_   0x004096    program     static _output/main__mios-gpasm-tmp.asm
               _00196_DS_   0x00409e    program     static _output/main__mios-gpasm-tmp.asm
               _00197_DS_   0x0040a6    program     static _output/main__mios-gpasm-tmp.asm
               _00198_DS_   0x0040ae    program     static _output/main__mios-gpasm-tmp.asm
               _00205_DS_   0x0040b4    program     static _output/main__mios-gpasm-tmp.asm
               _00219_DS_   0x0040c8    program     static _output/main__mios-gpasm-tmp.asm
               _00207_DS_   0x0040cc    program     static _output/main__mios-gpasm-tmp.asm
                   _Timer   0x004144    program     extern _output/main__mios-gpasm-tmp.asm
               _00174_DS_   0x004164    program     static _output/main__mios-gpasm-tmp.asm
               _00165_DS_   0x004174    program     static _output/main__mios-gpasm-tmp.asm
               _00166_DS_   0x00417c    program     static _output/main__mios-gpasm-tmp.asm
               _00170_DS_   0x004196    program     static _output/main__mios-gpasm-tmp.asm
               _00178_DS_   0x0041a6    program     static _output/main__mios-gpasm-tmp.asm
                    _Init   0x0041f0    program     extern _output/main__mios-gpasm-tmp.asm
             _preset_init   0x003d14    program     extern _output/main__mios-gpasm-tmp.asm
               _00152_DS_   0x003d4e    program     static _output/main__mios-gpasm-tmp.asm
               _00155_DS_   0x003df8    program     static _output/main__mios-gpasm-tmp.asm
             _screen_init   0x003b24    program     extern _output/main__mios-gpasm-tmp.asm
               _00147_DS_   0x003b9a    program     static _output/main__mios-gpasm-tmp.asm
               _00130_DS_   0x003baa    program     static _output/main__mios-gpasm-tmp.asm
               _00132_DS_   0x003bca    program     static _output/main__mios-gpasm-tmp.asm
               _00134_DS_   0x003be8    program     static _output/main__mios-gpasm-tmp.asm
               _00136_DS_   0x003c06    program     static _output/main__mios-gpasm-tmp.asm
               _00138_DS_   0x003c24    program     static _output/main__mios-gpasm-tmp.asm
               _00139_DS_   0x003c90    program     static _output/main__mios-gpasm-tmp.asm
               _00141_DS_   0x003d0a    program     static _output/main__mios-gpasm-tmp.asm
             _load_preset   0x0038e2    program     extern _output/main__mios-gpasm-tmp.asm
               _00121_DS_   0x00397a    program     static _output/main__mios-gpasm-tmp.asm
               _00117_DS_   0x00399a    program     static _output/main__mios-gpasm-tmp.asm
               _00113_DS_   0x003a12    program     static _output/main__mios-gpasm-tmp.asm
               _00115_DS_   0x003a7c    program     static _output/main__mios-gpasm-tmp.asm
               _00116_DS_   0x003a84    program     static _output/main__mios-gpasm-tmp.asm
               _00119_DS_   0x003aa6    program     static _output/main__mios-gpasm-tmp.asm
               _00123_DS_   0x003abe    program     static _output/main__mios-gpasm-tmp.asm
               _00125_DS_   0x003ac6    program     static _output/main__mios-gpasm-tmp.asm
            _store_preset   0x0040da    program     extern _output/main__mios-gpasm-tmp.asm
          _int_bit_ormask   0x004274    program     extern _output/main__mios-gpasm-tmp.asm
                   _cinit   0x004442    program     extern  
 
